Using pre-set license
Built from '2021.3/staging' branch; Version is '2021.3.11f1 (0a5ca18544bf) revision 679073'; Using compiler version '192829333'; Build Type 'Release'
OS: 'Windows 11  (10.0.22621) 64bit Core' Language: 'ja' Physical Memory: 16204 MB
BatchMode: 1, IsHumanControllingUs: 0, StartBugReporterOnCrash: 0, Is64bit: 1, IsPro: 1

COMMAND LINE ARGUMENTS:
C:\Program Files\Unity\Hub\Editor\2021.3.11f1\Editor\Unity.exe
-adb2
-batchMode
-noUpm
-name
AssetImportWorker2
-projectPath
C:/Users/ghal6/DATEUP
-logFile
Logs/AssetImportWorker2.log
-srvPort
49995
Successfully changed project path to: C:/Users/ghal6/DATEUP
C:/Users/ghal6/DATEUP
[UnityMemory] Configuration Parameters - Can be set up in boot.config
    "memorysetup-bucket-allocator-granularity=16"
    "memorysetup-bucket-allocator-bucket-count=8"
    "memorysetup-bucket-allocator-block-size=33554432"
    "memorysetup-bucket-allocator-block-count=8"
    "memorysetup-main-allocator-block-size=16777216"
    "memorysetup-thread-allocator-block-size=16777216"
    "memorysetup-gfx-main-allocator-block-size=16777216"
    "memorysetup-gfx-thread-allocator-block-size=16777216"
    "memorysetup-cache-allocator-block-size=4194304"
    "memorysetup-typetree-allocator-block-size=2097152"
    "memorysetup-profiler-bucket-allocator-granularity=16"
    "memorysetup-profiler-bucket-allocator-bucket-count=8"
    "memorysetup-profiler-bucket-allocator-block-size=33554432"
    "memorysetup-profiler-bucket-allocator-block-count=8"
    "memorysetup-profiler-allocator-block-size=16777216"
    "memorysetup-profiler-editor-allocator-block-size=1048576"
    "memorysetup-temp-allocator-size-main=16777216"
    "memorysetup-job-temp-allocator-block-size=2097152"
    "memorysetup-job-temp-allocator-block-size-background=1048576"
    "memorysetup-job-temp-allocator-reduction-small-platforms=262144"
    "memorysetup-temp-allocator-size-background-worker=32768"
    "memorysetup-temp-allocator-size-job-worker=262144"
    "memorysetup-temp-allocator-size-preload-manager=33554432"
    "memorysetup-temp-allocator-size-nav-mesh-worker=65536"
    "memorysetup-temp-allocator-size-audio-worker=65536"
    "memorysetup-temp-allocator-size-cloud-worker=32768"
    "memorysetup-temp-allocator-size-gi-baking-worker=262144"
    "memorysetup-temp-allocator-size-gfx=262144"
Refreshing native plugins compatible for Editor in 114.71 ms, found 3 plugins.
Preloading 0 native plugins for Editor in 0.00 ms.
Initialize engine version: 2021.3.11f1 (0a5ca18544bf)
[Subsystems] Discovering subsystems at path C:/Program Files/Unity/Hub/Editor/2021.3.11f1/Editor/Data/Resources/UnitySubsystems
[Subsystems] Discovering subsystems at path C:/Users/ghal6/DATEUP/Assets
GfxDevice: creating device client; threaded=0; jobified=0
Direct3D:
    Version:  Direct3D 11.0 [level 11.1]
    Renderer: NVIDIA GeForce RTX 3050 Laptop GPU (ID=0x25a2)
    Vendor:   NVIDIA
    VRAM:     3964 MB
    Driver:   31.0.15.5244
Initialize mono
Mono path[0] = 'C:/Program Files/Unity/Hub/Editor/2021.3.11f1/Editor/Data/Managed'
Mono path[1] = 'C:/Program Files/Unity/Hub/Editor/2021.3.11f1/Editor/Data/MonoBleedingEdge/lib/mono/unityjit-win32'
Mono config path = 'C:/Program Files/Unity/Hub/Editor/2021.3.11f1/Editor/Data/MonoBleedingEdge/etc'
Using monoOptions --debugger-agent=transport=dt_socket,embedding=1,server=y,suspend=n,address=127.0.0.1:56856
Begin MonoManager ReloadAssembly
Registering precompiled unity dll's ...
Register platform support module: C:/Program Files/Unity/Hub/Editor/2021.3.11f1/Editor/Data/PlaybackEngines/WebGLSupport/UnityEditor.WebGL.Extensions.dll
Register platform support module: C:/Program Files/Unity/Hub/Editor/2021.3.11f1/Editor/Data/PlaybackEngines/AndroidPlayer/UnityEditor.Android.Extensions.dll
Register platform support module: C:/Program Files/Unity/Hub/Editor/2021.3.11f1/Editor/Data/PlaybackEngines/WindowsStandaloneSupport/UnityEditor.WindowsStandalone.Extensions.dll
Registered in 0.006552 seconds.
Native extension for WindowsStandalone target not found
Native extension for Android target not found
Native extension for WebGL target not found
Refreshing native plugins compatible for Editor in 100.22 ms, found 3 plugins.
Preloading 0 native plugins for Editor in 0.00 ms.
Mono: successfully reloaded assembly
- Completed reload, in  0.673 seconds
Domain Reload Profiling:
	ReloadAssembly (673ms)
		BeginReloadAssembly (69ms)
			ExecutionOrderSort (0ms)
			DisableScriptedObjects (0ms)
			BackupInstance (0ms)
			ReleaseScriptingObjects (0ms)
			CreateAndSetChildDomain (1ms)
		EndReloadAssembly (493ms)
			LoadAssemblies (67ms)
			RebuildTransferFunctionScriptingTraits (0ms)
			SetupTypeCache (106ms)
			ReleaseScriptCaches (0ms)
			RebuildScriptCaches (33ms)
			SetupLoadedEditorAssemblies (304ms)
				LogAssemblyErrors (0ms)
				InitializePlatformSupportModulesInManaged (56ms)
				SetLoadedEditorAssemblies (1ms)
				RefreshPlugins (100ms)
				BeforeProcessingInitializeOnLoad (1ms)
				ProcessInitializeOnLoadAttributes (98ms)
				ProcessInitializeOnLoadMethodAttributes (47ms)
				AfterProcessingInitializeOnLoad (0ms)
				EditorAssembliesLoaded (0ms)
			ExecutionOrderSort2 (0ms)
			AwakeInstancesAfterBackupRestoration (0ms)
Platform modules already initialized, skipping
Registering precompiled user dll's ...
Registered in 0.007287 seconds.
Begin MonoManager ReloadAssembly
Symbol file LoadedFromMemory doesn't match image C:\Users\ghal6\DATEUP\Library\PackageCache\com.unity.visualscripting@1.7.8\Editor\VisualScripting.Core\Dependencies\YamlDotNet\Unity.VisualScripting.YamlDotNet.dll
Symbol file LoadedFromMemory doesn't match image C:\Users\ghal6\DATEUP\Library\PackageCache\com.unity.visualscripting@1.7.8\Editor\VisualScripting.Core\Dependencies\DotNetZip\Unity.VisualScripting.IonicZip.dll
Native extension for WindowsStandalone target not found
Native extension for Android target not found
Native extension for WebGL target not found
Refreshing native plugins compatible for Editor in 102.17 ms, found 3 plugins.
Preloading 0 native plugins for Editor in 0.00 ms.
Mono: successfully reloaded assembly
- Completed reload, in  1.411 seconds
Domain Reload Profiling:
	ReloadAssembly (1412ms)
		BeginReloadAssembly (216ms)
			ExecutionOrderSort (0ms)
			DisableScriptedObjects (6ms)
			BackupInstance (0ms)
			ReleaseScriptingObjects (0ms)
			CreateAndSetChildDomain (127ms)
		EndReloadAssembly (1079ms)
			LoadAssemblies (85ms)
			RebuildTransferFunctionScriptingTraits (0ms)
			SetupTypeCache (302ms)
			ReleaseScriptCaches (1ms)
			RebuildScriptCaches (65ms)
			SetupLoadedEditorAssemblies (575ms)
				LogAssemblyErrors (0ms)
				InitializePlatformSupportModulesInManaged (15ms)
				SetLoadedEditorAssemblies (0ms)
				RefreshPlugins (102ms)
				BeforeProcessingInitializeOnLoad (109ms)
				ProcessInitializeOnLoadAttributes (314ms)
				ProcessInitializeOnLoadMethodAttributes (26ms)
				AfterProcessingInitializeOnLoad (7ms)
				EditorAssembliesLoaded (0ms)
			ExecutionOrderSort2 (0ms)
			AwakeInstancesAfterBackupRestoration (5ms)
Platform modules already initialized, skipping
========================================================================
Worker process is ready to serve import requests
Launched and connected shader compiler UnityShaderCompiler.exe after 0.04 seconds
Refreshing native plugins compatible for Editor in 0.84 ms, found 3 plugins.
Preloading 0 native plugins for Editor in 0.00 ms.
Unloading 4182 Unused Serialized files (Serialized files now loaded: 0)
Unloading 36 unused Assets / (153.8 KB). Loaded Objects now: 4648.
Memory consumption went from 154.3 MB to 154.2 MB.
Total: 3.581500 ms (FindLiveObjects: 0.360800 ms CreateObjectMapping: 0.335000 ms MarkObjects: 2.722500 ms  DeleteObjects: 0.162100 ms)

AssetImportParameters requested are different than current active one (requested -> active):
  custom:video-decoder-ogg-theora: a1e56fd34408186e4bbccfd4996cb3dc -> 
  custom:container-muxer-webm: aa71ff27fc2769a1b78a27578f13a17b -> 
  custom:container-demuxer-webm: 4f35f7cbe854078d1ac9338744f61a02 -> 
  custom:video-encoder-webm-vp8: eb34c28f22e8b96e1ab97ce403110664 -> 
  custom:audio-encoder-webm-vorbis: bf7c407c2cedff20999df2af8eb42d56 -> 
  custom:framework-win-MediaFoundation: 216162199b28c13a410421893ffa2e32 -> 
  custom:container-demuxer-ogg: 62fdf1f143b41e24485cea50d1cbac27 -> 
  custom:video-decoder-webm-vp8: 9c59270c3fd7afecdb556c50c9e8de78 -> 
  custom:audio-decoder-ogg-vorbis: bf7c407c2cedff20999df2af8eb42d56 -> 
========================================================================
Received Import Request.
  Time since last request: 582.610044 seconds.
  path: Assets/PreHub/Enemy/Wave1Enemy/blueEnemy.prefab
  artifactKey: Guid(510b5a66de694444d87684988c43baa3) Importer(815301076,1909f56bfc062723c751e8b465ee728b)
Start importing Assets/PreHub/Enemy/Wave1Enemy/blueEnemy.prefab using Guid(510b5a66de694444d87684988c43baa3) Importer(815301076,1909f56bfc062723c751e8b465ee728b)  -> (artifact id: '6676d7ec891b97849eeff15dc5687c9d') in 0.127186 seconds 
========================================================================
Received Import Request.
  Time since last request: 41.399987 seconds.
  path: Assets/Script/Enemy/BlueEnemyCollision.cs
  artifactKey: Guid(52e49466a2189e54ebf3f244fa62b2c3) Importer(815301076,1909f56bfc062723c751e8b465ee728b)
Start importing Assets/Script/Enemy/BlueEnemyCollision.cs using Guid(52e49466a2189e54ebf3f244fa62b2c3) Importer(815301076,1909f56bfc062723c751e8b465ee728b)  -> (artifact id: '06ab73039d592044eb2f757cb88b11fc') in 0.012857 seconds 
========================================================================
Received Import Request.
  Time since last request: 4.053732 seconds.
  path: Assets/Script/Enemy/BlueEnemyCollisionW2.cs
  artifactKey: Guid(a63a6067be965fc49a0b6cd04454c87d) Importer(815301076,1909f56bfc062723c751e8b465ee728b)
Start importing Assets/Script/Enemy/BlueEnemyCollisionW2.cs using Guid(a63a6067be965fc49a0b6cd04454c87d) Importer(815301076,1909f56bfc062723c751e8b465ee728b)  -> (artifact id: '5e4bdd79a0ee578e8080c475ed8efd01') in 0.007595 seconds 
========================================================================
Received Import Request.
  Time since last request: 33.132325 seconds.
  path: Assets/PreHub/Enemy/Wave2Enemy/blueEnemy.prefab
  artifactKey: Guid(70eb6e6f0a295d948b7768662b91dcc5) Importer(815301076,1909f56bfc062723c751e8b465ee728b)
Start importing Assets/PreHub/Enemy/Wave2Enemy/blueEnemy.prefab using Guid(70eb6e6f0a295d948b7768662b91dcc5) Importer(815301076,1909f56bfc062723c751e8b465ee728b)  -> (artifact id: '9e1a4658d3505a9b2ef28680ec449527') in 0.087107 seconds 
========================================================================
Received Import Request.
  Time since last request: 4.517528 seconds.
  path: Assets/PreHub/Enemy/Wave2Enemy/blueEnemy.prefab
  artifactKey: Guid(70eb6e6f0a295d948b7768662b91dcc5) Importer(815301076,1909f56bfc062723c751e8b465ee728b)
Start importing Assets/PreHub/Enemy/Wave2Enemy/blueEnemy.prefab using Guid(70eb6e6f0a295d948b7768662b91dcc5) Importer(815301076,1909f56bfc062723c751e8b465ee728b)  -> (artifact id: '98d864b692db1313905ddb8f92271f3d') in 0.024241 seconds 
========================================================================
Received Import Request.
  Time since last request: 10.490271 seconds.
  path: Assets/PreHub/Enemy/Wave2Enemy/blueEnemy.prefab
  artifactKey: Guid(70eb6e6f0a295d948b7768662b91dcc5) Importer(815301076,1909f56bfc062723c751e8b465ee728b)
Start importing Assets/PreHub/Enemy/Wave2Enemy/blueEnemy.prefab using Guid(70eb6e6f0a295d948b7768662b91dcc5) Importer(815301076,1909f56bfc062723c751e8b465ee728b)  -> (artifact id: '7fa733b6e958cdfbf464736da56ea759') in 0.015475 seconds 
========================================================================
Received Import Request.
  Time since last request: 7.850139 seconds.
  path: Assets/PreHub/Enemy/Wave2Enemy/blueEnemy.prefab
  artifactKey: Guid(70eb6e6f0a295d948b7768662b91dcc5) Importer(815301076,1909f56bfc062723c751e8b465ee728b)
Start importing Assets/PreHub/Enemy/Wave2Enemy/blueEnemy.prefab using Guid(70eb6e6f0a295d948b7768662b91dcc5) Importer(815301076,1909f56bfc062723c751e8b465ee728b)  -> (artifact id: '03b68754393717c70c4f6bdea8694f49') in 0.026243 seconds 
========================================================================
Received Import Request.
  Time since last request: 12.154674 seconds.
  path: Assets/PreHub/Enemy/Wave2Enemy/blueEnemy.prefab
  artifactKey: Guid(70eb6e6f0a295d948b7768662b91dcc5) Importer(815301076,1909f56bfc062723c751e8b465ee728b)
Start importing Assets/PreHub/Enemy/Wave2Enemy/blueEnemy.prefab using Guid(70eb6e6f0a295d948b7768662b91dcc5) Importer(815301076,1909f56bfc062723c751e8b465ee728b)  -> (artifact id: '768e00df18a1dd151727c0333a35538c') in 0.020425 seconds 
========================================================================
Received Import Request.
  Time since last request: 10.002211 seconds.
  path: Assets/PreHub/Enemy/Wave2Enemy/blueEnemy.prefab
  artifactKey: Guid(70eb6e6f0a295d948b7768662b91dcc5) Importer(815301076,1909f56bfc062723c751e8b465ee728b)
Start importing Assets/PreHub/Enemy/Wave2Enemy/blueEnemy.prefab using Guid(70eb6e6f0a295d948b7768662b91dcc5) Importer(815301076,1909f56bfc062723c751e8b465ee728b)  -> (artifact id: 'f482278c72914a02c0dde9634bfd07be') in 0.022499 seconds 
========================================================================
Received Prepare
Registering precompiled user dll's ...
Registered in 0.006637 seconds.
Begin MonoManager ReloadAssembly
Symbol file LoadedFromMemory doesn't match image C:\Users\ghal6\DATEUP\Library\PackageCache\com.unity.visualscripting@1.7.8\Editor\VisualScripting.Core\Dependencies\YamlDotNet\Unity.VisualScripting.YamlDotNet.dll
Symbol file LoadedFromMemory doesn't match image C:\Users\ghal6\DATEUP\Library\PackageCache\com.unity.visualscripting@1.7.8\Editor\VisualScripting.Core\Dependencies\DotNetZip\Unity.VisualScripting.IonicZip.dll
Native extension for WindowsStandalone target not found
Native extension for Android target not found
Native extension for WebGL target not found
Refreshing native plugins compatible for Editor in 0.71 ms, found 3 plugins.
Preloading 0 native plugins for Editor in 0.00 ms.
Mono: successfully reloaded assembly
- Completed reload, in  1.111 seconds
Domain Reload Profiling:
	ReloadAssembly (1112ms)
		BeginReloadAssembly (130ms)
			ExecutionOrderSort (0ms)
			DisableScriptedObjects (5ms)
			BackupInstance (0ms)
			ReleaseScriptingObjects (0ms)
			CreateAndSetChildDomain (37ms)
		EndReloadAssembly (872ms)
			LoadAssemblies (81ms)
			RebuildTransferFunctionScriptingTraits (0ms)
			SetupTypeCache (291ms)
			ReleaseScriptCaches (1ms)
			RebuildScriptCaches (42ms)
			SetupLoadedEditorAssemblies (402ms)
				LogAssemblyErrors (0ms)
				InitializePlatformSupportModulesInManaged (22ms)
				SetLoadedEditorAssemblies (0ms)
				RefreshPlugins (1ms)
				BeforeProcessingInitializeOnLoad (77ms)
				ProcessInitializeOnLoadAttributes (267ms)
				ProcessInitializeOnLoadMethodAttributes (28ms)
				AfterProcessingInitializeOnLoad (7ms)
				EditorAssembliesLoaded (0ms)
			ExecutionOrderSort2 (0ms)
			AwakeInstancesAfterBackupRestoration (6ms)
Platform modules already initialized, skipping
Refreshing native plugins compatible for Editor in 2.80 ms, found 3 plugins.
Preloading 0 native plugins for Editor in 0.00 ms.
Unloading 4141 Unused Serialized files (Serialized files now loaded: 0)
Unloading 27 unused Assets / (129.3 KB). Loaded Objects now: 4659.
Memory consumption went from 154.9 MB to 154.8 MB.
Total: 3.639100 ms (FindLiveObjects: 0.300500 ms CreateObjectMapping: 0.224300 ms MarkObjects: 2.973800 ms  DeleteObjects: 0.139600 ms)

AssetImportParameters requested are different than current active one (requested -> active):
  custom:video-decoder-ogg-theora: a1e56fd34408186e4bbccfd4996cb3dc -> 
  custom:container-muxer-webm: aa71ff27fc2769a1b78a27578f13a17b -> 
  custom:container-demuxer-webm: 4f35f7cbe854078d1ac9338744f61a02 -> 
  custom:video-encoder-webm-vp8: eb34c28f22e8b96e1ab97ce403110664 -> 
  custom:audio-encoder-webm-vorbis: bf7c407c2cedff20999df2af8eb42d56 -> 
  custom:framework-win-MediaFoundation: 216162199b28c13a410421893ffa2e32 -> 
  custom:container-demuxer-ogg: 62fdf1f143b41e24485cea50d1cbac27 -> 
  custom:video-decoder-webm-vp8: 9c59270c3fd7afecdb556c50c9e8de78 -> 
  custom:audio-decoder-ogg-vorbis: bf7c407c2cedff20999df2af8eb42d56 -> 
========================================================================
Received Import Request.
  Time since last request: 33.977798 seconds.
  path: Assets/PreHub/Enemy/Wave2Enemy/blueEnemy.prefab
  artifactKey: Guid(70eb6e6f0a295d948b7768662b91dcc5) Importer(815301076,1909f56bfc062723c751e8b465ee728b)
Start importing Assets/PreHub/Enemy/Wave2Enemy/blueEnemy.prefab using Guid(70eb6e6f0a295d948b7768662b91dcc5) Importer(815301076,1909f56bfc062723c751e8b465ee728b)  -> (artifact id: '3189fd42745e30c1395fdee08eba87e2') in 0.069069 seconds 
========================================================================
Received Prepare
Registering precompiled user dll's ...
Registered in 0.007178 seconds.
Begin MonoManager ReloadAssembly
Symbol file LoadedFromMemory doesn't match image C:\Users\ghal6\DATEUP\Library\PackageCache\com.unity.visualscripting@1.7.8\Editor\VisualScripting.Core\Dependencies\YamlDotNet\Unity.VisualScripting.YamlDotNet.dll
Symbol file LoadedFromMemory doesn't match image C:\Users\ghal6\DATEUP\Library\PackageCache\com.unity.visualscripting@1.7.8\Editor\VisualScripting.Core\Dependencies\DotNetZip\Unity.VisualScripting.IonicZip.dll
Native extension for WindowsStandalone target not found
Native extension for Android target not found
Native extension for WebGL target not found
Refreshing native plugins compatible for Editor in 0.84 ms, found 3 plugins.
Preloading 0 native plugins for Editor in 0.00 ms.
Mono: successfully reloaded assembly
- Completed reload, in  1.163 seconds
Domain Reload Profiling:
	ReloadAssembly (1164ms)
		BeginReloadAssembly (133ms)
			ExecutionOrderSort (0ms)
			DisableScriptedObjects (5ms)
			BackupInstance (0ms)
			ReleaseScriptingObjects (0ms)
			CreateAndSetChildDomain (41ms)
		EndReloadAssembly (936ms)
			LoadAssemblies (82ms)
			RebuildTransferFunctionScriptingTraits (0ms)
			SetupTypeCache (307ms)
			ReleaseScriptCaches (1ms)
			RebuildScriptCaches (47ms)
			SetupLoadedEditorAssemblies (439ms)
				LogAssemblyErrors (0ms)
				InitializePlatformSupportModulesInManaged (23ms)
				SetLoadedEditorAssemblies (0ms)
				RefreshPlugins (1ms)
				BeforeProcessingInitializeOnLoad (85ms)
				ProcessInitializeOnLoadAttributes (294ms)
				ProcessInitializeOnLoadMethodAttributes (28ms)
				AfterProcessingInitializeOnLoad (7ms)
				EditorAssembliesLoaded (0ms)
			ExecutionOrderSort2 (0ms)
			AwakeInstancesAfterBackupRestoration (5ms)
Platform modules already initialized, skipping
Refreshing native plugins compatible for Editor in 2.41 ms, found 3 plugins.
Preloading 0 native plugins for Editor in 0.00 ms.
Unloading 4141 Unused Serialized files (Serialized files now loaded: 0)
Unloading 27 unused Assets / (137.0 KB). Loaded Objects now: 4662.
Memory consumption went from 154.9 MB to 154.8 MB.
Total: 3.481400 ms (FindLiveObjects: 0.296400 ms CreateObjectMapping: 0.242600 ms MarkObjects: 2.743000 ms  DeleteObjects: 0.198400 ms)

AssetImportParameters requested are different than current active one (requested -> active):
  custom:video-decoder-ogg-theora: a1e56fd34408186e4bbccfd4996cb3dc -> 
  custom:container-muxer-webm: aa71ff27fc2769a1b78a27578f13a17b -> 
  custom:container-demuxer-webm: 4f35f7cbe854078d1ac9338744f61a02 -> 
  custom:video-encoder-webm-vp8: eb34c28f22e8b96e1ab97ce403110664 -> 
  custom:audio-encoder-webm-vorbis: bf7c407c2cedff20999df2af8eb42d56 -> 
  custom:framework-win-MediaFoundation: 216162199b28c13a410421893ffa2e32 -> 
  custom:container-demuxer-ogg: 62fdf1f143b41e24485cea50d1cbac27 -> 
  custom:video-decoder-webm-vp8: 9c59270c3fd7afecdb556c50c9e8de78 -> 
  custom:audio-decoder-ogg-vorbis: bf7c407c2cedff20999df2af8eb42d56 -> 
========================================================================
Received Import Request.
  Time since last request: 26.020359 seconds.
  path: Assets/PreHub/Enemy/Wave1Enemy/blueEnemy.prefab
  artifactKey: Guid(510b5a66de694444d87684988c43baa3) Importer(815301076,1909f56bfc062723c751e8b465ee728b)
Start importing Assets/PreHub/Enemy/Wave1Enemy/blueEnemy.prefab using Guid(510b5a66de694444d87684988c43baa3) Importer(815301076,1909f56bfc062723c751e8b465ee728b)  -> (artifact id: 'c00cfc15f9b492a09d94027d5ceb2633') in 0.066520 seconds 
========================================================================
Received Import Request.
  Time since last request: 13.366498 seconds.
  path: Assets/PreHub/Enemy/Wave2Enemy/blueEnemy.prefab
  artifactKey: Guid(70eb6e6f0a295d948b7768662b91dcc5) Importer(815301076,1909f56bfc062723c751e8b465ee728b)
Start importing Assets/PreHub/Enemy/Wave2Enemy/blueEnemy.prefab using Guid(70eb6e6f0a295d948b7768662b91dcc5) Importer(815301076,1909f56bfc062723c751e8b465ee728b)  -> (artifact id: 'd5d70800e84159cf70817d7a846d11a9') in 0.026099 seconds 
========================================================================
Received Import Request.
  Time since last request: 3.125135 seconds.
  path: Assets/PreHub/Enemy/Wave2Enemy/blueEnemy.prefab
  artifactKey: Guid(70eb6e6f0a295d948b7768662b91dcc5) Importer(815301076,1909f56bfc062723c751e8b465ee728b)
Start importing Assets/PreHub/Enemy/Wave2Enemy/blueEnemy.prefab using Guid(70eb6e6f0a295d948b7768662b91dcc5) Importer(815301076,1909f56bfc062723c751e8b465ee728b)  -> (artifact id: 'd220794e3c795c7d8e5d3b39a9a898e4') in 0.027218 seconds 
========================================================================
Received Import Request.
  Time since last request: 1.617214 seconds.
  path: Assets/PreHub/Enemy/Wave2Enemy/blueEnemy.prefab
  artifactKey: Guid(70eb6e6f0a295d948b7768662b91dcc5) Importer(815301076,1909f56bfc062723c751e8b465ee728b)
Start importing Assets/PreHub/Enemy/Wave2Enemy/blueEnemy.prefab using Guid(70eb6e6f0a295d948b7768662b91dcc5) Importer(815301076,1909f56bfc062723c751e8b465ee728b)  -> (artifact id: '0e50bce30e3c0eb5cc03f74f0bee2ba1') in 0.016797 seconds 
========================================================================
Received Import Request.
  Time since last request: 2.639104 seconds.
  path: Assets/PreHub/Enemy/Wave2Enemy/blueEnemy.prefab
  artifactKey: Guid(70eb6e6f0a295d948b7768662b91dcc5) Importer(815301076,1909f56bfc062723c751e8b465ee728b)
Start importing Assets/PreHub/Enemy/Wave2Enemy/blueEnemy.prefab using Guid(70eb6e6f0a295d948b7768662b91dcc5) Importer(815301076,1909f56bfc062723c751e8b465ee728b)  -> (artifact id: '48e1c15d94e5e5c84c3480c933905ae3') in 0.020279 seconds 
========================================================================
Received Import Request.
  Time since last request: 2.643252 seconds.
  path: Assets/PreHub/Enemy/Wave2Enemy/blueEnemy.prefab
  artifactKey: Guid(70eb6e6f0a295d948b7768662b91dcc5) Importer(815301076,1909f56bfc062723c751e8b465ee728b)
Start importing Assets/PreHub/Enemy/Wave2Enemy/blueEnemy.prefab using Guid(70eb6e6f0a295d948b7768662b91dcc5) Importer(815301076,1909f56bfc062723c751e8b465ee728b)  -> (artifact id: '0088a0f2f785e068f16ef375d90e8a03') in 0.020306 seconds 
========================================================================
Received Import Request.
  Time since last request: 16.867132 seconds.
  path: Assets/PreHub/Enemy/Wave2Enemy/GreenEnemy.prefab
  artifactKey: Guid(e09f109048c2eb942833d8f27a465038) Importer(815301076,1909f56bfc062723c751e8b465ee728b)
Start importing Assets/PreHub/Enemy/Wave2Enemy/GreenEnemy.prefab using Guid(e09f109048c2eb942833d8f27a465038) Importer(815301076,1909f56bfc062723c751e8b465ee728b)  -> (artifact id: '48aadb2a6974d282cbb23f16f3630c2d') in 0.020698 seconds 
========================================================================
Received Import Request.
  Time since last request: 4.195541 seconds.
  path: Assets/PreHub/Enemy/Wave2Enemy/GreenEnemy.prefab
  artifactKey: Guid(e09f109048c2eb942833d8f27a465038) Importer(815301076,1909f56bfc062723c751e8b465ee728b)
Start importing Assets/PreHub/Enemy/Wave2Enemy/GreenEnemy.prefab using Guid(e09f109048c2eb942833d8f27a465038) Importer(815301076,1909f56bfc062723c751e8b465ee728b)  -> (artifact id: '87095be3d33d0553e31c278ab0d1920e') in 0.019127 seconds 
========================================================================
Received Import Request.
  Time since last request: 1.813948 seconds.
  path: Assets/PreHub/Enemy/Wave2Enemy/GreenEnemy.prefab
  artifactKey: Guid(e09f109048c2eb942833d8f27a465038) Importer(815301076,1909f56bfc062723c751e8b465ee728b)
Start importing Assets/PreHub/Enemy/Wave2Enemy/GreenEnemy.prefab using Guid(e09f109048c2eb942833d8f27a465038) Importer(815301076,1909f56bfc062723c751e8b465ee728b)  -> (artifact id: '3d760c762f874c6ce5bc68e16dce3963') in 0.021245 seconds 
========================================================================
Received Import Request.
  Time since last request: 3.105509 seconds.
  path: Assets/PreHub/Enemy/Wave2Enemy/GreenEnemy.prefab
  artifactKey: Guid(e09f109048c2eb942833d8f27a465038) Importer(815301076,1909f56bfc062723c751e8b465ee728b)
Start importing Assets/PreHub/Enemy/Wave2Enemy/GreenEnemy.prefab using Guid(e09f109048c2eb942833d8f27a465038) Importer(815301076,1909f56bfc062723c751e8b465ee728b)  -> (artifact id: '7e03ce337ff86a206d3447a9762ba236') in 0.026072 seconds 
========================================================================
Received Import Request.
  Time since last request: 4.915082 seconds.
  path: Assets/PreHub/Enemy/Wave2Enemy/RedEnemy.prefab
  artifactKey: Guid(20222120ac06a56458e4cdbd60a09dd2) Importer(815301076,1909f56bfc062723c751e8b465ee728b)
Start importing Assets/PreHub/Enemy/Wave2Enemy/RedEnemy.prefab using Guid(20222120ac06a56458e4cdbd60a09dd2) Importer(815301076,1909f56bfc062723c751e8b465ee728b)  -> (artifact id: '87ef07caf7b678cd3bd0db56b14819ae') in 0.036018 seconds 
========================================================================
Received Import Request.
  Time since last request: 3.802385 seconds.
  path: Assets/PreHub/Enemy/Wave2Enemy/RedEnemy.prefab
  artifactKey: Guid(20222120ac06a56458e4cdbd60a09dd2) Importer(815301076,1909f56bfc062723c751e8b465ee728b)
Start importing Assets/PreHub/Enemy/Wave2Enemy/RedEnemy.prefab using Guid(20222120ac06a56458e4cdbd60a09dd2) Importer(815301076,1909f56bfc062723c751e8b465ee728b)  -> (artifact id: 'aba0274e415fb8b57411f5e122822610') in 0.031124 seconds 
========================================================================
Received Import Request.
  Time since last request: 1.613061 seconds.
  path: Assets/PreHub/Enemy/Wave2Enemy/RedEnemy.prefab
  artifactKey: Guid(20222120ac06a56458e4cdbd60a09dd2) Importer(815301076,1909f56bfc062723c751e8b465ee728b)
Start importing Assets/PreHub/Enemy/Wave2Enemy/RedEnemy.prefab using Guid(20222120ac06a56458e4cdbd60a09dd2) Importer(815301076,1909f56bfc062723c751e8b465ee728b)  -> (artifact id: 'a37308d58046cc45cca7fb37e942fd12') in 0.028234 seconds 
========================================================================
Received Import Request.
  Time since last request: 4.581887 seconds.
  path: Assets/PreHub/Enemy/Wave2Enemy/RedEnemy.prefab
  artifactKey: Guid(20222120ac06a56458e4cdbd60a09dd2) Importer(815301076,1909f56bfc062723c751e8b465ee728b)
Start importing Assets/PreHub/Enemy/Wave2Enemy/RedEnemy.prefab using Guid(20222120ac06a56458e4cdbd60a09dd2) Importer(815301076,1909f56bfc062723c751e8b465ee728b)  -> (artifact id: 'ade5957bf5747df2523db086baf950a8') in 0.025708 seconds 
========================================================================
Received Import Request.
  Time since last request: 6.671551 seconds.
  path: Assets/PreHub/Enemy/Wave2Enemy/RedEnemy.prefab
  artifactKey: Guid(20222120ac06a56458e4cdbd60a09dd2) Importer(815301076,1909f56bfc062723c751e8b465ee728b)
Start importing Assets/PreHub/Enemy/Wave2Enemy/RedEnemy.prefab using Guid(20222120ac06a56458e4cdbd60a09dd2) Importer(815301076,1909f56bfc062723c751e8b465ee728b)  -> (artifact id: '3303e845d10b7cc5d7aa10ea3315e6d0') in 0.024841 seconds 
========================================================================
Received Prepare
Registering precompiled user dll's ...
Registered in 0.006715 seconds.
Begin MonoManager ReloadAssembly
Symbol file LoadedFromMemory doesn't match image C:\Users\ghal6\DATEUP\Library\PackageCache\com.unity.visualscripting@1.7.8\Editor\VisualScripting.Core\Dependencies\YamlDotNet\Unity.VisualScripting.YamlDotNet.dll
Symbol file LoadedFromMemory doesn't match image C:\Users\ghal6\DATEUP\Library\PackageCache\com.unity.visualscripting@1.7.8\Editor\VisualScripting.Core\Dependencies\DotNetZip\Unity.VisualScripting.IonicZip.dll
Native extension for WindowsStandalone target not found
Native extension for Android target not found
Native extension for WebGL target not found
Refreshing native plugins compatible for Editor in 0.87 ms, found 3 plugins.
Preloading 0 native plugins for Editor in 0.00 ms.
Mono: successfully reloaded assembly
- Completed reload, in  1.188 seconds
Domain Reload Profiling:
	ReloadAssembly (1188ms)
		BeginReloadAssembly (141ms)
			ExecutionOrderSort (0ms)
			DisableScriptedObjects (5ms)
			BackupInstance (0ms)
			ReleaseScriptingObjects (0ms)
			CreateAndSetChildDomain (43ms)
		EndReloadAssembly (943ms)
			LoadAssemblies (86ms)
			RebuildTransferFunctionScriptingTraits (0ms)
			SetupTypeCache (328ms)
			ReleaseScriptCaches (1ms)
			RebuildScriptCaches (44ms)
			SetupLoadedEditorAssemblies (426ms)
				LogAssemblyErrors (0ms)
				InitializePlatformSupportModulesInManaged (31ms)
				SetLoadedEditorAssemblies (1ms)
				RefreshPlugins (1ms)
				BeforeProcessingInitializeOnLoad (81ms)
				ProcessInitializeOnLoadAttributes (277ms)
				ProcessInitializeOnLoadMethodAttributes (27ms)
				AfterProcessingInitializeOnLoad (8ms)
				EditorAssembliesLoaded (0ms)
			ExecutionOrderSort2 (0ms)
			AwakeInstancesAfterBackupRestoration (8ms)
Platform modules already initialized, skipping
Refreshing native plugins compatible for Editor in 2.20 ms, found 3 plugins.
Preloading 0 native plugins for Editor in 0.00 ms.
Unloading 4141 Unused Serialized files (Serialized files now loaded: 0)
Unloading 27 unused Assets / (121.6 KB). Loaded Objects now: 4665.
Memory consumption went from 155.0 MB to 154.8 MB.
Total: 3.094300 ms (FindLiveObjects: 0.278900 ms CreateObjectMapping: 0.212400 ms MarkObjects: 2.479300 ms  DeleteObjects: 0.122400 ms)

AssetImportParameters requested are different than current active one (requested -> active):
  custom:video-decoder-ogg-theora: a1e56fd34408186e4bbccfd4996cb3dc -> 
  custom:container-muxer-webm: aa71ff27fc2769a1b78a27578f13a17b -> 
  custom:container-demuxer-webm: 4f35f7cbe854078d1ac9338744f61a02 -> 
  custom:video-encoder-webm-vp8: eb34c28f22e8b96e1ab97ce403110664 -> 
  custom:audio-encoder-webm-vorbis: bf7c407c2cedff20999df2af8eb42d56 -> 
  custom:framework-win-MediaFoundation: 216162199b28c13a410421893ffa2e32 -> 
  custom:container-demuxer-ogg: 62fdf1f143b41e24485cea50d1cbac27 -> 
  custom:video-decoder-webm-vp8: 9c59270c3fd7afecdb556c50c9e8de78 -> 
  custom:audio-decoder-ogg-vorbis: bf7c407c2cedff20999df2af8eb42d56 -> 
========================================================================
Received Prepare
Registering precompiled user dll's ...
Registered in 0.007036 seconds.
Begin MonoManager ReloadAssembly
Symbol file LoadedFromMemory doesn't match image C:\Users\ghal6\DATEUP\Library\PackageCache\com.unity.visualscripting@1.7.8\Editor\VisualScripting.Core\Dependencies\YamlDotNet\Unity.VisualScripting.YamlDotNet.dll
Symbol file LoadedFromMemory doesn't match image C:\Users\ghal6\DATEUP\Library\PackageCache\com.unity.visualscripting@1.7.8\Editor\VisualScripting.Core\Dependencies\DotNetZip\Unity.VisualScripting.IonicZip.dll
Native extension for WindowsStandalone target not found
Native extension for Android target not found
Native extension for WebGL target not found
Refreshing native plugins compatible for Editor in 0.88 ms, found 3 plugins.
Preloading 0 native plugins for Editor in 0.00 ms.
Mono: successfully reloaded assembly
- Completed reload, in  1.182 seconds
Domain Reload Profiling:
	ReloadAssembly (1183ms)
		BeginReloadAssembly (142ms)
			ExecutionOrderSort (0ms)
			DisableScriptedObjects (6ms)
			BackupInstance (0ms)
			ReleaseScriptingObjects (0ms)
			CreateAndSetChildDomain (43ms)
		EndReloadAssembly (942ms)
			LoadAssemblies (94ms)
			RebuildTransferFunctionScriptingTraits (0ms)
			SetupTypeCache (322ms)
			ReleaseScriptCaches (1ms)
			RebuildScriptCaches (46ms)
			SetupLoadedEditorAssemblies (426ms)
				LogAssemblyErrors (0ms)
				InitializePlatformSupportModulesInManaged (25ms)
				SetLoadedEditorAssemblies (1ms)
				RefreshPlugins (1ms)
				BeforeProcessingInitializeOnLoad (86ms)
				ProcessInitializeOnLoadAttributes (279ms)
				ProcessInitializeOnLoadMethodAttributes (27ms)
				AfterProcessingInitializeOnLoad (7ms)
				EditorAssembliesLoaded (0ms)
			ExecutionOrderSort2 (0ms)
			AwakeInstancesAfterBackupRestoration (5ms)
Platform modules already initialized, skipping
Refreshing native plugins compatible for Editor in 2.24 ms, found 3 plugins.
Preloading 0 native plugins for Editor in 0.00 ms.
Unloading 4141 Unused Serialized files (Serialized files now loaded: 0)
Unloading 27 unused Assets / (136.9 KB). Loaded Objects now: 4668.
Memory consumption went from 155.1 MB to 154.9 MB.
Total: 3.287100 ms (FindLiveObjects: 0.312500 ms CreateObjectMapping: 0.237900 ms MarkObjects: 2.593300 ms  DeleteObjects: 0.142500 ms)

AssetImportParameters requested are different than current active one (requested -> active):
  custom:video-decoder-ogg-theora: a1e56fd34408186e4bbccfd4996cb3dc -> 
  custom:container-muxer-webm: aa71ff27fc2769a1b78a27578f13a17b -> 
  custom:container-demuxer-webm: 4f35f7cbe854078d1ac9338744f61a02 -> 
  custom:video-encoder-webm-vp8: eb34c28f22e8b96e1ab97ce403110664 -> 
  custom:audio-encoder-webm-vorbis: bf7c407c2cedff20999df2af8eb42d56 -> 
  custom:framework-win-MediaFoundation: 216162199b28c13a410421893ffa2e32 -> 
  custom:container-demuxer-ogg: 62fdf1f143b41e24485cea50d1cbac27 -> 
  custom:video-decoder-webm-vp8: 9c59270c3fd7afecdb556c50c9e8de78 -> 
  custom:audio-decoder-ogg-vorbis: bf7c407c2cedff20999df2af8eb42d56 -> 
========================================================================
Received Prepare
Registering precompiled user dll's ...
Registered in 0.006464 seconds.
Begin MonoManager ReloadAssembly
Symbol file LoadedFromMemory doesn't match image C:\Users\ghal6\DATEUP\Library\PackageCache\com.unity.visualscripting@1.7.8\Editor\VisualScripting.Core\Dependencies\YamlDotNet\Unity.VisualScripting.YamlDotNet.dll
Symbol file LoadedFromMemory doesn't match image C:\Users\ghal6\DATEUP\Library\PackageCache\com.unity.visualscripting@1.7.8\Editor\VisualScripting.Core\Dependencies\DotNetZip\Unity.VisualScripting.IonicZip.dll
Native extension for WindowsStandalone target not found
Native extension for Android target not found
Native extension for WebGL target not found
Refreshing native plugins compatible for Editor in 0.74 ms, found 3 plugins.
Preloading 0 native plugins for Editor in 0.00 ms.
Mono: successfully reloaded assembly
- Completed reload, in  1.199 seconds
Domain Reload Profiling:
	ReloadAssembly (1200ms)
		BeginReloadAssembly (142ms)
			ExecutionOrderSort (0ms)
			DisableScriptedObjects (6ms)
			BackupInstance (0ms)
			ReleaseScriptingObjects (0ms)
			CreateAndSetChildDomain (39ms)
		EndReloadAssembly (947ms)
			LoadAssemblies (93ms)
			RebuildTransferFunctionScriptingTraits (0ms)
			SetupTypeCache (329ms)
			ReleaseScriptCaches (1ms)
			RebuildScriptCaches (46ms)
			SetupLoadedEditorAssemblies (431ms)
				LogAssemblyErrors (0ms)
				InitializePlatformSupportModulesInManaged (22ms)
				SetLoadedEditorAssemblies (0ms)
				RefreshPlugins (1ms)
				BeforeProcessingInitializeOnLoad (87ms)
				ProcessInitializeOnLoadAttributes (286ms)
				ProcessInitializeOnLoadMethodAttributes (27ms)
				AfterProcessingInitializeOnLoad (7ms)
				EditorAssembliesLoaded (0ms)
			ExecutionOrderSort2 (0ms)
			AwakeInstancesAfterBackupRestoration (6ms)
Platform modules already initialized, skipping
Refreshing native plugins compatible for Editor in 2.17 ms, found 3 plugins.
Preloading 0 native plugins for Editor in 0.00 ms.
Unloading 4141 Unused Serialized files (Serialized files now loaded: 0)
Unloading 27 unused Assets / (121.3 KB). Loaded Objects now: 4671.
Memory consumption went from 155.1 MB to 154.9 MB.
Total: 3.146300 ms (FindLiveObjects: 0.283500 ms CreateObjectMapping: 0.196400 ms MarkObjects: 2.522900 ms  DeleteObjects: 0.143000 ms)

AssetImportParameters requested are different than current active one (requested -> active):
  custom:video-decoder-ogg-theora: a1e56fd34408186e4bbccfd4996cb3dc -> 
  custom:container-muxer-webm: aa71ff27fc2769a1b78a27578f13a17b -> 
  custom:container-demuxer-webm: 4f35f7cbe854078d1ac9338744f61a02 -> 
  custom:video-encoder-webm-vp8: eb34c28f22e8b96e1ab97ce403110664 -> 
  custom:audio-encoder-webm-vorbis: bf7c407c2cedff20999df2af8eb42d56 -> 
  custom:framework-win-MediaFoundation: 216162199b28c13a410421893ffa2e32 -> 
  custom:container-demuxer-ogg: 62fdf1f143b41e24485cea50d1cbac27 -> 
  custom:video-decoder-webm-vp8: 9c59270c3fd7afecdb556c50c9e8de78 -> 
  custom:audio-decoder-ogg-vorbis: bf7c407c2cedff20999df2af8eb42d56 -> 
========================================================================
Received Prepare
Registering precompiled user dll's ...
Registered in 0.006362 seconds.
Begin MonoManager ReloadAssembly
Symbol file LoadedFromMemory doesn't match image C:\Users\ghal6\DATEUP\Library\PackageCache\com.unity.visualscripting@1.7.8\Editor\VisualScripting.Core\Dependencies\YamlDotNet\Unity.VisualScripting.YamlDotNet.dll
Symbol file LoadedFromMemory doesn't match image C:\Users\ghal6\DATEUP\Library\PackageCache\com.unity.visualscripting@1.7.8\Editor\VisualScripting.Core\Dependencies\DotNetZip\Unity.VisualScripting.IonicZip.dll
Native extension for WindowsStandalone target not found
Native extension for Android target not found
Native extension for WebGL target not found
Refreshing native plugins compatible for Editor in 0.75 ms, found 3 plugins.
Preloading 0 native plugins for Editor in 0.00 ms.
Mono: successfully reloaded assembly
- Completed reload, in  1.193 seconds
Domain Reload Profiling:
	ReloadAssembly (1194ms)
		BeginReloadAssembly (143ms)
			ExecutionOrderSort (0ms)
			DisableScriptedObjects (6ms)
			BackupInstance (0ms)
			ReleaseScriptingObjects (0ms)
			CreateAndSetChildDomain (39ms)
		EndReloadAssembly (944ms)
			LoadAssemblies (92ms)
			RebuildTransferFunctionScriptingTraits (0ms)
			SetupTypeCache (331ms)
			ReleaseScriptCaches (1ms)
			RebuildScriptCaches (44ms)
			SetupLoadedEditorAssemblies (422ms)
				LogAssemblyErrors (0ms)
				InitializePlatformSupportModulesInManaged (29ms)
				SetLoadedEditorAssemblies (0ms)
				RefreshPlugins (1ms)
				BeforeProcessingInitializeOnLoad (91ms)
				ProcessInitializeOnLoadAttributes (265ms)
				ProcessInitializeOnLoadMethodAttributes (29ms)
				AfterProcessingInitializeOnLoad (7ms)
				EditorAssembliesLoaded (0ms)
			ExecutionOrderSort2 (0ms)
			AwakeInstancesAfterBackupRestoration (8ms)
Platform modules already initialized, skipping
Refreshing native plugins compatible for Editor in 2.23 ms, found 3 plugins.
Preloading 0 native plugins for Editor in 0.00 ms.
Unloading 4141 Unused Serialized files (Serialized files now loaded: 0)
Unloading 27 unused Assets / (121.3 KB). Loaded Objects now: 4674.
Memory consumption went from 155.1 MB to 155.0 MB.
Total: 2.990800 ms (FindLiveObjects: 0.278500 ms CreateObjectMapping: 0.214000 ms MarkObjects: 2.369800 ms  DeleteObjects: 0.127500 ms)

AssetImportParameters requested are different than current active one (requested -> active):
  custom:video-decoder-ogg-theora: a1e56fd34408186e4bbccfd4996cb3dc -> 
  custom:container-muxer-webm: aa71ff27fc2769a1b78a27578f13a17b -> 
  custom:container-demuxer-webm: 4f35f7cbe854078d1ac9338744f61a02 -> 
  custom:video-encoder-webm-vp8: eb34c28f22e8b96e1ab97ce403110664 -> 
  custom:audio-encoder-webm-vorbis: bf7c407c2cedff20999df2af8eb42d56 -> 
  custom:framework-win-MediaFoundation: 216162199b28c13a410421893ffa2e32 -> 
  custom:container-demuxer-ogg: 62fdf1f143b41e24485cea50d1cbac27 -> 
  custom:video-decoder-webm-vp8: 9c59270c3fd7afecdb556c50c9e8de78 -> 
  custom:audio-decoder-ogg-vorbis: bf7c407c2cedff20999df2af8eb42d56 -> 
========================================================================
Received Prepare
Registering precompiled user dll's ...
Registered in 0.006719 seconds.
Begin MonoManager ReloadAssembly
Symbol file LoadedFromMemory doesn't match image C:\Users\ghal6\DATEUP\Library\PackageCache\com.unity.visualscripting@1.7.8\Editor\VisualScripting.Core\Dependencies\YamlDotNet\Unity.VisualScripting.YamlDotNet.dll
Symbol file LoadedFromMemory doesn't match image C:\Users\ghal6\DATEUP\Library\PackageCache\com.unity.visualscripting@1.7.8\Editor\VisualScripting.Core\Dependencies\DotNetZip\Unity.VisualScripting.IonicZip.dll
Native extension for WindowsStandalone target not found
Native extension for Android target not found
Native extension for WebGL target not found
Refreshing native plugins compatible for Editor in 0.95 ms, found 3 plugins.
Preloading 0 native plugins for Editor in 0.00 ms.
Mono: successfully reloaded assembly
- Completed reload, in  1.126 seconds
Domain Reload Profiling:
	ReloadAssembly (1127ms)
		BeginReloadAssembly (131ms)
			ExecutionOrderSort (0ms)
			DisableScriptedObjects (6ms)
			BackupInstance (0ms)
			ReleaseScriptingObjects (0ms)
			CreateAndSetChildDomain (35ms)
		EndReloadAssembly (887ms)
			LoadAssemblies (80ms)
			RebuildTransferFunctionScriptingTraits (0ms)
			SetupTypeCache (325ms)
			ReleaseScriptCaches (1ms)
			RebuildScriptCaches (44ms)
			SetupLoadedEditorAssemblies (390ms)
				LogAssemblyErrors (0ms)
				InitializePlatformSupportModulesInManaged (20ms)
				SetLoadedEditorAssemblies (0ms)
				RefreshPlugins (1ms)
				BeforeProcessingInitializeOnLoad (77ms)
				ProcessInitializeOnLoadAttributes (256ms)
				ProcessInitializeOnLoadMethodAttributes (27ms)
				AfterProcessingInitializeOnLoad (7ms)
				EditorAssembliesLoaded (0ms)
			ExecutionOrderSort2 (0ms)
			AwakeInstancesAfterBackupRestoration (6ms)
Platform modules already initialized, skipping
Refreshing native plugins compatible for Editor in 2.19 ms, found 3 plugins.
Preloading 0 native plugins for Editor in 0.00 ms.
Unloading 4141 Unused Serialized files (Serialized files now loaded: 0)
Unloading 27 unused Assets / (121.5 KB). Loaded Objects now: 4677.
Memory consumption went from 155.1 MB to 155.0 MB.
Total: 3.000000 ms (FindLiveObjects: 0.331700 ms CreateObjectMapping: 0.251800 ms MarkObjects: 2.280700 ms  DeleteObjects: 0.135200 ms)

AssetImportParameters requested are different than current active one (requested -> active):
  custom:video-decoder-ogg-theora: a1e56fd34408186e4bbccfd4996cb3dc -> 
  custom:container-muxer-webm: aa71ff27fc2769a1b78a27578f13a17b -> 
  custom:container-demuxer-webm: 4f35f7cbe854078d1ac9338744f61a02 -> 
  custom:video-encoder-webm-vp8: eb34c28f22e8b96e1ab97ce403110664 -> 
  custom:audio-encoder-webm-vorbis: bf7c407c2cedff20999df2af8eb42d56 -> 
  custom:framework-win-MediaFoundation: 216162199b28c13a410421893ffa2e32 -> 
  custom:container-demuxer-ogg: 62fdf1f143b41e24485cea50d1cbac27 -> 
  custom:video-decoder-webm-vp8: 9c59270c3fd7afecdb556c50c9e8de78 -> 
  custom:audio-decoder-ogg-vorbis: bf7c407c2cedff20999df2af8eb42d56 -> 
========================================================================
Received Import Request.
  Time since last request: 510.890385 seconds.
  path: Assets/PreHub/Enemy/Wave2Enemy/GreenEnemy.prefab
  artifactKey: Guid(e09f109048c2eb942833d8f27a465038) Importer(815301076,1909f56bfc062723c751e8b465ee728b)
Start importing Assets/PreHub/Enemy/Wave2Enemy/GreenEnemy.prefab using Guid(e09f109048c2eb942833d8f27a465038) Importer(815301076,1909f56bfc062723c751e8b465ee728b)  -> (artifact id: '0292ed7368f605a416e351cea210dc90') in 0.072709 seconds 
========================================================================
Received Import Request.
  Time since last request: 5.811540 seconds.
  path: Assets/PreHub/Enemy/Wave2Enemy/GreenEnemy.prefab
  artifactKey: Guid(e09f109048c2eb942833d8f27a465038) Importer(815301076,1909f56bfc062723c751e8b465ee728b)
Start importing Assets/PreHub/Enemy/Wave2Enemy/GreenEnemy.prefab using Guid(e09f109048c2eb942833d8f27a465038) Importer(815301076,1909f56bfc062723c751e8b465ee728b)  -> (artifact id: '78425a763e5a7c8f124fbe29e39ff251') in 0.016422 seconds 
========================================================================
Received Import Request.
  Time since last request: 11.343322 seconds.
  path: Assets/PreHub/Enemy/Wave2Enemy/GreenEnemy.prefab
  artifactKey: Guid(e09f109048c2eb942833d8f27a465038) Importer(815301076,1909f56bfc062723c751e8b465ee728b)
Start importing Assets/PreHub/Enemy/Wave2Enemy/GreenEnemy.prefab using Guid(e09f109048c2eb942833d8f27a465038) Importer(815301076,1909f56bfc062723c751e8b465ee728b)  -> (artifact id: '81cfb21ee6cc386a8c0c5d8da1b37bda') in 0.021886 seconds 
========================================================================
Received Import Request.
  Time since last request: 10.423249 seconds.
  path: Assets/PreHub/Enemy/Wave2Enemy/GreenEnemy.prefab
  artifactKey: Guid(e09f109048c2eb942833d8f27a465038) Importer(815301076,1909f56bfc062723c751e8b465ee728b)
Start importing Assets/PreHub/Enemy/Wave2Enemy/GreenEnemy.prefab using Guid(e09f109048c2eb942833d8f27a465038) Importer(815301076,1909f56bfc062723c751e8b465ee728b)  -> (artifact id: '1843a7f28c87423b558b862c59b9a6c7') in 0.023635 seconds 
========================================================================
Received Prepare
Registering precompiled user dll's ...
Registered in 0.006800 seconds.
Begin MonoManager ReloadAssembly
Symbol file LoadedFromMemory doesn't match image C:\Users\ghal6\DATEUP\Library\PackageCache\com.unity.visualscripting@1.7.8\Editor\VisualScripting.Core\Dependencies\YamlDotNet\Unity.VisualScripting.YamlDotNet.dll
Symbol file LoadedFromMemory doesn't match image C:\Users\ghal6\DATEUP\Library\PackageCache\com.unity.visualscripting@1.7.8\Editor\VisualScripting.Core\Dependencies\DotNetZip\Unity.VisualScripting.IonicZip.dll
Native extension for WindowsStandalone target not found
Native extension for Android target not found
Native extension for WebGL target not found
Refreshing native plugins compatible for Editor in 0.76 ms, found 3 plugins.
Preloading 0 native plugins for Editor in 0.00 ms.
Mono: successfully reloaded assembly
- Completed reload, in  1.234 seconds
Domain Reload Profiling:
	ReloadAssembly (1235ms)
		BeginReloadAssembly (149ms)
			ExecutionOrderSort (0ms)
			DisableScriptedObjects (5ms)
			BackupInstance (0ms)
			ReleaseScriptingObjects (0ms)
			CreateAndSetChildDomain (40ms)
		EndReloadAssembly (973ms)
			LoadAssemblies (103ms)
			RebuildTransferFunctionScriptingTraits (0ms)
			SetupTypeCache (312ms)
			ReleaseScriptCaches (1ms)
			RebuildScriptCaches (47ms)
			SetupLoadedEditorAssemblies (463ms)
				LogAssemblyErrors (0ms)
				InitializePlatformSupportModulesInManaged (22ms)
				SetLoadedEditorAssemblies (1ms)
				RefreshPlugins (1ms)
				BeforeProcessingInitializeOnLoad (77ms)
				ProcessInitializeOnLoadAttributes (312ms)
				ProcessInitializeOnLoadMethodAttributes (42ms)
				AfterProcessingInitializeOnLoad (8ms)
				EditorAssembliesLoaded (0ms)
			ExecutionOrderSort2 (0ms)
			AwakeInstancesAfterBackupRestoration (8ms)
Platform modules already initialized, skipping
Refreshing native plugins compatible for Editor in 2.15 ms, found 3 plugins.
Preloading 0 native plugins for Editor in 0.00 ms.
Unloading 4141 Unused Serialized files (Serialized files now loaded: 0)
Unloading 27 unused Assets / (129.0 KB). Loaded Objects now: 4680.
Memory consumption went from 155.1 MB to 155.0 MB.
Total: 3.188500 ms (FindLiveObjects: 0.311300 ms CreateObjectMapping: 0.249900 ms MarkObjects: 2.487600 ms  DeleteObjects: 0.138700 ms)

AssetImportParameters requested are different than current active one (requested -> active):
  custom:video-decoder-ogg-theora: a1e56fd34408186e4bbccfd4996cb3dc -> 
  custom:container-muxer-webm: aa71ff27fc2769a1b78a27578f13a17b -> 
  custom:container-demuxer-webm: 4f35f7cbe854078d1ac9338744f61a02 -> 
  custom:video-encoder-webm-vp8: eb34c28f22e8b96e1ab97ce403110664 -> 
  custom:audio-encoder-webm-vorbis: bf7c407c2cedff20999df2af8eb42d56 -> 
  custom:framework-win-MediaFoundation: 216162199b28c13a410421893ffa2e32 -> 
  custom:container-demuxer-ogg: 62fdf1f143b41e24485cea50d1cbac27 -> 
  custom:video-decoder-webm-vp8: 9c59270c3fd7afecdb556c50c9e8de78 -> 
  custom:audio-decoder-ogg-vorbis: bf7c407c2cedff20999df2af8eb42d56 -> 
========================================================================
Received Prepare
Registering precompiled user dll's ...
Registered in 0.007029 seconds.
Begin MonoManager ReloadAssembly
Symbol file LoadedFromMemory doesn't match image C:\Users\ghal6\DATEUP\Library\PackageCache\com.unity.visualscripting@1.7.8\Editor\VisualScripting.Core\Dependencies\YamlDotNet\Unity.VisualScripting.YamlDotNet.dll
Symbol file LoadedFromMemory doesn't match image C:\Users\ghal6\DATEUP\Library\PackageCache\com.unity.visualscripting@1.7.8\Editor\VisualScripting.Core\Dependencies\DotNetZip\Unity.VisualScripting.IonicZip.dll
Native extension for WindowsStandalone target not found
Native extension for Android target not found
Native extension for WebGL target not found
Refreshing native plugins compatible for Editor in 0.88 ms, found 3 plugins.
Preloading 0 native plugins for Editor in 0.00 ms.
Mono: successfully reloaded assembly
- Completed reload, in  1.211 seconds
Domain Reload Profiling:
	ReloadAssembly (1212ms)
		BeginReloadAssembly (144ms)
			ExecutionOrderSort (0ms)
			DisableScriptedObjects (6ms)
			BackupInstance (0ms)
			ReleaseScriptingObjects (0ms)
			CreateAndSetChildDomain (41ms)
		EndReloadAssembly (959ms)
			LoadAssemblies (86ms)
			RebuildTransferFunctionScriptingTraits (0ms)
			SetupTypeCache (343ms)
			ReleaseScriptCaches (2ms)
			RebuildScriptCaches (55ms)
			SetupLoadedEditorAssemblies (421ms)
				LogAssemblyErrors (0ms)
				InitializePlatformSupportModulesInManaged (30ms)
				SetLoadedEditorAssemblies (1ms)
				RefreshPlugins (1ms)
				BeforeProcessingInitializeOnLoad (77ms)
				ProcessInitializeOnLoadAttributes (277ms)
				ProcessInitializeOnLoadMethodAttributes (28ms)
				AfterProcessingInitializeOnLoad (7ms)
				EditorAssembliesLoaded (0ms)
			ExecutionOrderSort2 (0ms)
			AwakeInstancesAfterBackupRestoration (6ms)
Platform modules already initialized, skipping
Refreshing native plugins compatible for Editor in 2.06 ms, found 3 plugins.
Preloading 0 native plugins for Editor in 0.00 ms.
Unloading 4140 Unused Serialized files (Serialized files now loaded: 0)
Unloading 28 unused Assets / (121.4 KB). Loaded Objects now: 4682.
Memory consumption went from 155.1 MB to 155.0 MB.
Total: 3.145300 ms (FindLiveObjects: 0.312800 ms CreateObjectMapping: 0.245000 ms MarkObjects: 2.438400 ms  DeleteObjects: 0.147800 ms)

AssetImportParameters requested are different than current active one (requested -> active):
  custom:video-decoder-ogg-theora: a1e56fd34408186e4bbccfd4996cb3dc -> 
  custom:container-muxer-webm: aa71ff27fc2769a1b78a27578f13a17b -> 
  custom:container-demuxer-webm: 4f35f7cbe854078d1ac9338744f61a02 -> 
  custom:video-encoder-webm-vp8: eb34c28f22e8b96e1ab97ce403110664 -> 
  custom:audio-encoder-webm-vorbis: bf7c407c2cedff20999df2af8eb42d56 -> 
  custom:framework-win-MediaFoundation: 216162199b28c13a410421893ffa2e32 -> 
  custom:container-demuxer-ogg: 62fdf1f143b41e24485cea50d1cbac27 -> 
  custom:video-decoder-webm-vp8: 9c59270c3fd7afecdb556c50c9e8de78 -> 
  custom:audio-decoder-ogg-vorbis: bf7c407c2cedff20999df2af8eb42d56 -> 
========================================================================
Received Import Request.
  Time since last request: 26.499734 seconds.
  path: Assets/Script/Enemy/GreenEnemyCollision.cs
  artifactKey: Guid(743e86bf9b5fd714abbd9cee98b7739f) Importer(815301076,1909f56bfc062723c751e8b465ee728b)
Start importing Assets/Script/Enemy/GreenEnemyCollision.cs using Guid(743e86bf9b5fd714abbd9cee98b7739f) Importer(815301076,1909f56bfc062723c751e8b465ee728b)  -> (artifact id: '1cbee10bf114486d6ea194ffe0353751') in 0.014902 seconds 
========================================================================
Received Prepare
Registering precompiled user dll's ...
Registered in 0.007012 seconds.
Begin MonoManager ReloadAssembly
Symbol file LoadedFromMemory doesn't match image C:\Users\ghal6\DATEUP\Library\PackageCache\com.unity.visualscripting@1.7.8\Editor\VisualScripting.Core\Dependencies\YamlDotNet\Unity.VisualScripting.YamlDotNet.dll
Symbol file LoadedFromMemory doesn't match image C:\Users\ghal6\DATEUP\Library\PackageCache\com.unity.visualscripting@1.7.8\Editor\VisualScripting.Core\Dependencies\DotNetZip\Unity.VisualScripting.IonicZip.dll
Native extension for WindowsStandalone target not found
Native extension for Android target not found
Native extension for WebGL target not found
Refreshing native plugins compatible for Editor in 0.79 ms, found 3 plugins.
Preloading 0 native plugins for Editor in 0.00 ms.
Mono: successfully reloaded assembly
- Completed reload, in  1.209 seconds
Domain Reload Profiling:
	ReloadAssembly (1210ms)
		BeginReloadAssembly (149ms)
			ExecutionOrderSort (0ms)
			DisableScriptedObjects (6ms)
			BackupInstance (0ms)
			ReleaseScriptingObjects (0ms)
			CreateAndSetChildDomain (45ms)
		EndReloadAssembly (956ms)
			LoadAssemblies (92ms)
			RebuildTransferFunctionScriptingTraits (0ms)
			SetupTypeCache (332ms)
			ReleaseScriptCaches (2ms)
			RebuildScriptCaches (55ms)
			SetupLoadedEditorAssemblies (413ms)
				LogAssemblyErrors (0ms)
				InitializePlatformSupportModulesInManaged (23ms)
				SetLoadedEditorAssemblies (1ms)
				RefreshPlugins (1ms)
				BeforeProcessingInitializeOnLoad (78ms)
				ProcessInitializeOnLoadAttributes (275ms)
				ProcessInitializeOnLoadMethodAttributes (28ms)
				AfterProcessingInitializeOnLoad (7ms)
				EditorAssembliesLoaded (0ms)
			ExecutionOrderSort2 (0ms)
			AwakeInstancesAfterBackupRestoration (5ms)
Platform modules already initialized, skipping
Refreshing native plugins compatible for Editor in 2.29 ms, found 3 plugins.
Preloading 0 native plugins for Editor in 0.00 ms.
Unloading 4139 Unused Serialized files (Serialized files now loaded: 0)
Unloading 28 unused Assets / (121.4 KB). Loaded Objects now: 4684.
Memory consumption went from 155.1 MB to 154.9 MB.
Total: 3.251400 ms (FindLiveObjects: 0.305600 ms CreateObjectMapping: 0.261300 ms MarkObjects: 2.518600 ms  DeleteObjects: 0.164900 ms)

AssetImportParameters requested are different than current active one (requested -> active):
  custom:video-decoder-ogg-theora: a1e56fd34408186e4bbccfd4996cb3dc -> 
  custom:container-muxer-webm: aa71ff27fc2769a1b78a27578f13a17b -> 
  custom:container-demuxer-webm: 4f35f7cbe854078d1ac9338744f61a02 -> 
  custom:video-encoder-webm-vp8: eb34c28f22e8b96e1ab97ce403110664 -> 
  custom:audio-encoder-webm-vorbis: bf7c407c2cedff20999df2af8eb42d56 -> 
  custom:framework-win-MediaFoundation: 216162199b28c13a410421893ffa2e32 -> 
  custom:container-demuxer-ogg: 62fdf1f143b41e24485cea50d1cbac27 -> 
  custom:video-decoder-webm-vp8: 9c59270c3fd7afecdb556c50c9e8de78 -> 
  custom:audio-decoder-ogg-vorbis: bf7c407c2cedff20999df2af8eb42d56 -> 
========================================================================
Received Import Request.
  Time since last request: 35.180885 seconds.
  path: Assets/PreHub/Enemy/Wave2Enemy/RedEnemy.prefab
  artifactKey: Guid(20222120ac06a56458e4cdbd60a09dd2) Importer(815301076,1909f56bfc062723c751e8b465ee728b)
Start importing Assets/PreHub/Enemy/Wave2Enemy/RedEnemy.prefab using Guid(20222120ac06a56458e4cdbd60a09dd2) Importer(815301076,1909f56bfc062723c751e8b465ee728b)  -> (artifact id: '5714007bf53fbb820ff5c8e2c53867ea') in 0.079012 seconds 
========================================================================
Received Import Request.
  Time since last request: 5.985492 seconds.
  path: Assets/PreHub/Enemy/Wave2Enemy/RedEnemy.prefab
  artifactKey: Guid(20222120ac06a56458e4cdbd60a09dd2) Importer(815301076,1909f56bfc062723c751e8b465ee728b)
Start importing Assets/PreHub/Enemy/Wave2Enemy/RedEnemy.prefab using Guid(20222120ac06a56458e4cdbd60a09dd2) Importer(815301076,1909f56bfc062723c751e8b465ee728b)  -> (artifact id: '3db2321f3bc86f48273d2943c4dc54ac') in 0.016443 seconds 
========================================================================
Received Import Request.
  Time since last request: 3.306655 seconds.
  path: Assets/PreHub/Enemy/Wave2Enemy/RedEnemy.prefab
  artifactKey: Guid(20222120ac06a56458e4cdbd60a09dd2) Importer(815301076,1909f56bfc062723c751e8b465ee728b)
Start importing Assets/PreHub/Enemy/Wave2Enemy/RedEnemy.prefab using Guid(20222120ac06a56458e4cdbd60a09dd2) Importer(815301076,1909f56bfc062723c751e8b465ee728b)  -> (artifact id: '4a89cda0046eaea99af36e9d685fe171') in 0.025508 seconds 
========================================================================
Received Import Request.
  Time since last request: 8.952202 seconds.
  path: Assets/PreHub/Enemy/Wave2Enemy/RedEnemy.prefab
  artifactKey: Guid(20222120ac06a56458e4cdbd60a09dd2) Importer(815301076,1909f56bfc062723c751e8b465ee728b)
Start importing Assets/PreHub/Enemy/Wave2Enemy/RedEnemy.prefab using Guid(20222120ac06a56458e4cdbd60a09dd2) Importer(815301076,1909f56bfc062723c751e8b465ee728b)  -> (artifact id: 'f6750c02d0a970273ace88ed01210ac6') in 0.023549 seconds 
========================================================================
Received Prepare
Registering precompiled user dll's ...
Registered in 0.007253 seconds.
Begin MonoManager ReloadAssembly
Symbol file LoadedFromMemory doesn't match image C:\Users\ghal6\DATEUP\Library\PackageCache\com.unity.visualscripting@1.7.8\Editor\VisualScripting.Core\Dependencies\YamlDotNet\Unity.VisualScripting.YamlDotNet.dll
Symbol file LoadedFromMemory doesn't match image C:\Users\ghal6\DATEUP\Library\PackageCache\com.unity.visualscripting@1.7.8\Editor\VisualScripting.Core\Dependencies\DotNetZip\Unity.VisualScripting.IonicZip.dll
Native extension for WindowsStandalone target not found
Native extension for Android target not found
Native extension for WebGL target not found
Refreshing native plugins compatible for Editor in 1.43 ms, found 3 plugins.
Preloading 0 native plugins for Editor in 0.00 ms.
Mono: successfully reloaded assembly
- Completed reload, in  1.268 seconds
Domain Reload Profiling:
	ReloadAssembly (1269ms)
		BeginReloadAssembly (153ms)
			ExecutionOrderSort (0ms)
			DisableScriptedObjects (5ms)
			BackupInstance (0ms)
			ReleaseScriptingObjects (0ms)
			CreateAndSetChildDomain (39ms)
		EndReloadAssembly (1009ms)
			LoadAssemblies (109ms)
			RebuildTransferFunctionScriptingTraits (0ms)
			SetupTypeCache (335ms)
			ReleaseScriptCaches (2ms)
			RebuildScriptCaches (51ms)
			SetupLoadedEditorAssemblies (462ms)
				LogAssemblyErrors (0ms)
				InitializePlatformSupportModulesInManaged (27ms)
				SetLoadedEditorAssemblies (1ms)
				RefreshPlugins (2ms)
				BeforeProcessingInitializeOnLoad (90ms)
				ProcessInitializeOnLoadAttributes (304ms)
				ProcessInitializeOnLoadMethodAttributes (31ms)
				AfterProcessingInitializeOnLoad (7ms)
				EditorAssembliesLoaded (0ms)
			ExecutionOrderSort2 (0ms)
			AwakeInstancesAfterBackupRestoration (6ms)
Platform modules already initialized, skipping
Refreshing native plugins compatible for Editor in 2.31 ms, found 3 plugins.
Preloading 0 native plugins for Editor in 0.00 ms.
Unloading 4139 Unused Serialized files (Serialized files now loaded: 0)
Unloading 27 unused Assets / (129.2 KB). Loaded Objects now: 4687.
Memory consumption went from 155.1 MB to 154.9 MB.
Total: 3.180300 ms (FindLiveObjects: 0.310300 ms CreateObjectMapping: 0.250800 ms MarkObjects: 2.463500 ms  DeleteObjects: 0.154900 ms)

AssetImportParameters requested are different than current active one (requested -> active):
  custom:video-decoder-ogg-theora: a1e56fd34408186e4bbccfd4996cb3dc -> 
  custom:container-muxer-webm: aa71ff27fc2769a1b78a27578f13a17b -> 
  custom:container-demuxer-webm: 4f35f7cbe854078d1ac9338744f61a02 -> 
  custom:video-encoder-webm-vp8: eb34c28f22e8b96e1ab97ce403110664 -> 
  custom:audio-encoder-webm-vorbis: bf7c407c2cedff20999df2af8eb42d56 -> 
  custom:framework-win-MediaFoundation: 216162199b28c13a410421893ffa2e32 -> 
  custom:container-demuxer-ogg: 62fdf1f143b41e24485cea50d1cbac27 -> 
  custom:video-decoder-webm-vp8: 9c59270c3fd7afecdb556c50c9e8de78 -> 
  custom:audio-decoder-ogg-vorbis: bf7c407c2cedff20999df2af8eb42d56 -> 
========================================================================
Received Import Request.
  Time since last request: 7.278113 seconds.
  path: Assets/PreHub/Enemy/Wave2Enemy/RedEnemy.prefab
  artifactKey: Guid(20222120ac06a56458e4cdbd60a09dd2) Importer(815301076,1909f56bfc062723c751e8b465ee728b)
Start importing Assets/PreHub/Enemy/Wave2Enemy/RedEnemy.prefab using Guid(20222120ac06a56458e4cdbd60a09dd2) Importer(815301076,1909f56bfc062723c751e8b465ee728b)  -> (artifact id: '3ed59ef0d34f067258d31941ba7c00bd') in 0.066176 seconds 
========================================================================
Received Prepare
Registering precompiled user dll's ...
Registered in 0.008025 seconds.
Begin MonoManager ReloadAssembly
Symbol file LoadedFromMemory doesn't match image C:\Users\ghal6\DATEUP\Library\PackageCache\com.unity.visualscripting@1.7.8\Editor\VisualScripting.Core\Dependencies\YamlDotNet\Unity.VisualScripting.YamlDotNet.dll
Symbol file LoadedFromMemory doesn't match image C:\Users\ghal6\DATEUP\Library\PackageCache\com.unity.visualscripting@1.7.8\Editor\VisualScripting.Core\Dependencies\DotNetZip\Unity.VisualScripting.IonicZip.dll
Native extension for WindowsStandalone target not found
Native extension for Android target not found
Native extension for WebGL target not found
Refreshing native plugins compatible for Editor in 0.79 ms, found 3 plugins.
Preloading 0 native plugins for Editor in 0.00 ms.
Mono: successfully reloaded assembly
- Completed reload, in  1.291 seconds
Domain Reload Profiling:
	ReloadAssembly (1292ms)
		BeginReloadAssembly (137ms)
			ExecutionOrderSort (0ms)
			DisableScriptedObjects (5ms)
			BackupInstance (0ms)
			ReleaseScriptingObjects (0ms)
			CreateAndSetChildDomain (40ms)
		EndReloadAssembly (1033ms)
			LoadAssemblies (85ms)
			RebuildTransferFunctionScriptingTraits (0ms)
			SetupTypeCache (367ms)
			ReleaseScriptCaches (1ms)
			RebuildScriptCaches (47ms)
			SetupLoadedEditorAssemblies (477ms)
				LogAssemblyErrors (0ms)
				InitializePlatformSupportModulesInManaged (28ms)
				SetLoadedEditorAssemblies (1ms)
				RefreshPlugins (1ms)
				BeforeProcessingInitializeOnLoad (85ms)
				ProcessInitializeOnLoadAttributes (322ms)
				ProcessInitializeOnLoadMethodAttributes (33ms)
				AfterProcessingInitializeOnLoad (8ms)
				EditorAssembliesLoaded (0ms)
			ExecutionOrderSort2 (0ms)
			AwakeInstancesAfterBackupRestoration (6ms)
Platform modules already initialized, skipping
Refreshing native plugins compatible for Editor in 2.74 ms, found 3 plugins.
Preloading 0 native plugins for Editor in 0.00 ms.
Unloading 4139 Unused Serialized files (Serialized files now loaded: 0)
Unloading 27 unused Assets / (121.4 KB). Loaded Objects now: 4690.
Memory consumption went from 155.1 MB to 155.0 MB.
Total: 4.083800 ms (FindLiveObjects: 0.329700 ms CreateObjectMapping: 0.315200 ms MarkObjects: 3.277500 ms  DeleteObjects: 0.160400 ms)

AssetImportParameters requested are different than current active one (requested -> active):
  custom:video-decoder-ogg-theora: a1e56fd34408186e4bbccfd4996cb3dc -> 
  custom:container-muxer-webm: aa71ff27fc2769a1b78a27578f13a17b -> 
  custom:container-demuxer-webm: 4f35f7cbe854078d1ac9338744f61a02 -> 
  custom:video-encoder-webm-vp8: eb34c28f22e8b96e1ab97ce403110664 -> 
  custom:audio-encoder-webm-vorbis: bf7c407c2cedff20999df2af8eb42d56 -> 
  custom:framework-win-MediaFoundation: 216162199b28c13a410421893ffa2e32 -> 
  custom:container-demuxer-ogg: 62fdf1f143b41e24485cea50d1cbac27 -> 
  custom:video-decoder-webm-vp8: 9c59270c3fd7afecdb556c50c9e8de78 -> 
  custom:audio-decoder-ogg-vorbis: bf7c407c2cedff20999df2af8eb42d56 -> 
========================================================================
Received Prepare
Registering precompiled user dll's ...
Registered in 0.010058 seconds.
Begin MonoManager ReloadAssembly
Symbol file LoadedFromMemory doesn't match image C:\Users\ghal6\DATEUP\Library\PackageCache\com.unity.visualscripting@1.7.8\Editor\VisualScripting.Core\Dependencies\YamlDotNet\Unity.VisualScripting.YamlDotNet.dll
Symbol file LoadedFromMemory doesn't match image C:\Users\ghal6\DATEUP\Library\PackageCache\com.unity.visualscripting@1.7.8\Editor\VisualScripting.Core\Dependencies\DotNetZip\Unity.VisualScripting.IonicZip.dll
Native extension for WindowsStandalone target not found
Native extension for Android target not found
Native extension for WebGL target not found
Refreshing native plugins compatible for Editor in 0.79 ms, found 3 plugins.
Preloading 0 native plugins for Editor in 0.00 ms.
Mono: successfully reloaded assembly
- Completed reload, in  1.248 seconds
Domain Reload Profiling:
	ReloadAssembly (1249ms)
		BeginReloadAssembly (140ms)
			ExecutionOrderSort (0ms)
			DisableScriptedObjects (6ms)
			BackupInstance (0ms)
			ReleaseScriptingObjects (0ms)
			CreateAndSetChildDomain (41ms)
		EndReloadAssembly (1000ms)
			LoadAssemblies (86ms)
			RebuildTransferFunctionScriptingTraits (0ms)
			SetupTypeCache (317ms)
			ReleaseScriptCaches (1ms)
			RebuildScriptCaches (55ms)
			SetupLoadedEditorAssemblies (479ms)
				LogAssemblyErrors (0ms)
				InitializePlatformSupportModulesInManaged (23ms)
				SetLoadedEditorAssemblies (1ms)
				RefreshPlugins (1ms)
				BeforeProcessingInitializeOnLoad (89ms)
				ProcessInitializeOnLoadAttributes (324ms)
				ProcessInitializeOnLoadMethodAttributes (32ms)
				AfterProcessingInitializeOnLoad (8ms)
				EditorAssembliesLoaded (0ms)
			ExecutionOrderSort2 (0ms)
			AwakeInstancesAfterBackupRestoration (6ms)
Platform modules already initialized, skipping
Refreshing native plugins compatible for Editor in 2.86 ms, found 3 plugins.
Preloading 0 native plugins for Editor in 0.00 ms.
Unloading 4139 Unused Serialized files (Serialized files now loaded: 0)
Unloading 27 unused Assets / (121.3 KB). Loaded Objects now: 4693.
Memory consumption went from 155.1 MB to 155.0 MB.
Total: 3.434100 ms (FindLiveObjects: 0.326600 ms CreateObjectMapping: 0.246300 ms MarkObjects: 2.709600 ms  DeleteObjects: 0.150600 ms)

AssetImportParameters requested are different than current active one (requested -> active):
  custom:video-decoder-ogg-theora: a1e56fd34408186e4bbccfd4996cb3dc -> 
  custom:container-muxer-webm: aa71ff27fc2769a1b78a27578f13a17b -> 
  custom:container-demuxer-webm: 4f35f7cbe854078d1ac9338744f61a02 -> 
  custom:video-encoder-webm-vp8: eb34c28f22e8b96e1ab97ce403110664 -> 
  custom:audio-encoder-webm-vorbis: bf7c407c2cedff20999df2af8eb42d56 -> 
  custom:framework-win-MediaFoundation: 216162199b28c13a410421893ffa2e32 -> 
  custom:container-demuxer-ogg: 62fdf1f143b41e24485cea50d1cbac27 -> 
  custom:video-decoder-webm-vp8: 9c59270c3fd7afecdb556c50c9e8de78 -> 
  custom:audio-decoder-ogg-vorbis: bf7c407c2cedff20999df2af8eb42d56 -> 
========================================================================
Received Import Request.
  Time since last request: 127.031826 seconds.
  path: Assets/Script/Enemy/RedEnemyCollision.cs
  artifactKey: Guid(1589a428340e4734dba9793ecae14734) Importer(815301076,1909f56bfc062723c751e8b465ee728b)
Start importing Assets/Script/Enemy/RedEnemyCollision.cs using Guid(1589a428340e4734dba9793ecae14734) Importer(815301076,1909f56bfc062723c751e8b465ee728b)  -> (artifact id: '89f8c844bbee7f3ea10d94e5732cefa4') in 0.010646 seconds 
========================================================================
Received Import Request.
  Time since last request: 1.458211 seconds.
  path: Assets/Script/Enemy/RedEnemyCollisionW2.cs
  artifactKey: Guid(7aac23824cc109e42b76612963a78d42) Importer(815301076,1909f56bfc062723c751e8b465ee728b)
Start importing Assets/Script/Enemy/RedEnemyCollisionW2.cs using Guid(7aac23824cc109e42b76612963a78d42) Importer(815301076,1909f56bfc062723c751e8b465ee728b)  -> (artifact id: 'a639557d1d6e6a915c5fee4245debc3e') in 0.007662 seconds 
========================================================================
Received Prepare
Registering precompiled user dll's ...
Registered in 0.007193 seconds.
Begin MonoManager ReloadAssembly
Symbol file LoadedFromMemory doesn't match image C:\Users\ghal6\DATEUP\Library\PackageCache\com.unity.visualscripting@1.7.8\Editor\VisualScripting.Core\Dependencies\YamlDotNet\Unity.VisualScripting.YamlDotNet.dll
Symbol file LoadedFromMemory doesn't match image C:\Users\ghal6\DATEUP\Library\PackageCache\com.unity.visualscripting@1.7.8\Editor\VisualScripting.Core\Dependencies\DotNetZip\Unity.VisualScripting.IonicZip.dll
Native extension for WindowsStandalone target not found
Native extension for Android target not found
Native extension for WebGL target not found
Refreshing native plugins compatible for Editor in 0.79 ms, found 3 plugins.
Preloading 0 native plugins for Editor in 0.00 ms.
Mono: successfully reloaded assembly
- Completed reload, in  1.223 seconds
Domain Reload Profiling:
	ReloadAssembly (1223ms)
		BeginReloadAssembly (144ms)
			ExecutionOrderSort (0ms)
			DisableScriptedObjects (6ms)
			BackupInstance (0ms)
			ReleaseScriptingObjects (0ms)
			CreateAndSetChildDomain (43ms)
		EndReloadAssembly (960ms)
			LoadAssemblies (90ms)
			RebuildTransferFunctionScriptingTraits (0ms)
			SetupTypeCache (324ms)
			ReleaseScriptCaches (2ms)
			RebuildScriptCaches (55ms)
			SetupLoadedEditorAssemblies (426ms)
				LogAssemblyErrors (0ms)
				InitializePlatformSupportModulesInManaged (25ms)
				SetLoadedEditorAssemblies (0ms)
				RefreshPlugins (1ms)
				BeforeProcessingInitializeOnLoad (86ms)
				ProcessInitializeOnLoadAttributes (278ms)
				ProcessInitializeOnLoadMethodAttributes (29ms)
				AfterProcessingInitializeOnLoad (7ms)
				EditorAssembliesLoaded (0ms)
			ExecutionOrderSort2 (0ms)
			AwakeInstancesAfterBackupRestoration (6ms)
Platform modules already initialized, skipping
Refreshing native plugins compatible for Editor in 2.53 ms, found 3 plugins.
Preloading 0 native plugins for Editor in 0.00 ms.
Unloading 4138 Unused Serialized files (Serialized files now loaded: 0)
Unloading 28 unused Assets / (121.4 KB). Loaded Objects now: 4695.
Memory consumption went from 155.1 MB to 155.0 MB.
Total: 3.336100 ms (FindLiveObjects: 0.334100 ms CreateObjectMapping: 0.248700 ms MarkObjects: 2.603200 ms  DeleteObjects: 0.149100 ms)

AssetImportParameters requested are different than current active one (requested -> active):
  custom:video-decoder-ogg-theora: a1e56fd34408186e4bbccfd4996cb3dc -> 
  custom:container-muxer-webm: aa71ff27fc2769a1b78a27578f13a17b -> 
  custom:container-demuxer-webm: 4f35f7cbe854078d1ac9338744f61a02 -> 
  custom:video-encoder-webm-vp8: eb34c28f22e8b96e1ab97ce403110664 -> 
  custom:audio-encoder-webm-vorbis: bf7c407c2cedff20999df2af8eb42d56 -> 
  custom:framework-win-MediaFoundation: 216162199b28c13a410421893ffa2e32 -> 
  custom:container-demuxer-ogg: 62fdf1f143b41e24485cea50d1cbac27 -> 
  custom:video-decoder-webm-vp8: 9c59270c3fd7afecdb556c50c9e8de78 -> 
  custom:audio-decoder-ogg-vorbis: bf7c407c2cedff20999df2af8eb42d56 -> 
========================================================================
Received Import Request.
  Time since last request: 16.458885 seconds.
  path: Assets/Script/Enemy/Wave3BlueEnemy.cs
  artifactKey: Guid(838e078f7b7e89b44ad55d656146e54d) Importer(815301076,1909f56bfc062723c751e8b465ee728b)
Start importing Assets/Script/Enemy/Wave3BlueEnemy.cs using Guid(838e078f7b7e89b44ad55d656146e54d) Importer(815301076,1909f56bfc062723c751e8b465ee728b)  -> (artifact id: 'f8d22f589dbff9909610540818a6bfe6') in 0.013589 seconds 
========================================================================
Received Import Request.
  Time since last request: 11.955329 seconds.
  path: Assets/PreHub/Enemy/Wave3Enemy/blueEnemy 1.prefab
  artifactKey: Guid(aed6a59045962884da05eb77031ddbcb) Importer(815301076,1909f56bfc062723c751e8b465ee728b)
Start importing Assets/PreHub/Enemy/Wave3Enemy/blueEnemy 1.prefab using Guid(aed6a59045962884da05eb77031ddbcb) Importer(815301076,1909f56bfc062723c751e8b465ee728b)  -> (artifact id: '1b2cef84d98742c162eec0432a316586') in 0.095022 seconds 
========================================================================
Received Import Request.
  Time since last request: 0.000031 seconds.
  path: Assets/PreHub/Enemy/Wave3Enemy/YellowEnemy.prefab
  artifactKey: Guid(46952f98454b240488d866446393d6ae) Importer(815301076,1909f56bfc062723c751e8b465ee728b)
Start importing Assets/PreHub/Enemy/Wave3Enemy/YellowEnemy.prefab using Guid(46952f98454b240488d866446393d6ae) Importer(815301076,1909f56bfc062723c751e8b465ee728b)  -> (artifact id: '9e62c46da088a01a853cadc23e039e44') in 0.044012 seconds 
========================================================================
Received Import Request.
  Time since last request: 0.000017 seconds.
  path: Assets/PreHub/Enemy/Wave3Enemy/RedEnemy 1.prefab
  artifactKey: Guid(d12f9638854a5e540ac3d3db36163a87) Importer(815301076,1909f56bfc062723c751e8b465ee728b)
Start importing Assets/PreHub/Enemy/Wave3Enemy/RedEnemy 1.prefab using Guid(d12f9638854a5e540ac3d3db36163a87) Importer(815301076,1909f56bfc062723c751e8b465ee728b)  -> (artifact id: '36ee2c5dca176dbfbc10d7a3b8872bb4') in 0.030097 seconds 
========================================================================
Received Import Request.
  Time since last request: 18.487284 seconds.
  path: Assets/PreHub/Enemy/Wave3Enemy/blueEnemy 1.prefab
  artifactKey: Guid(aed6a59045962884da05eb77031ddbcb) Importer(815301076,1909f56bfc062723c751e8b465ee728b)
Start importing Assets/PreHub/Enemy/Wave3Enemy/blueEnemy 1.prefab using Guid(aed6a59045962884da05eb77031ddbcb) Importer(815301076,1909f56bfc062723c751e8b465ee728b)  -> (artifact id: '3b95693c2eb35a8153b39dc890120e8a') in 0.030397 seconds 
========================================================================
Received Import Request.
  Time since last request: 4.159914 seconds.
  path: Assets/PreHub/Enemy/Wave3Enemy/blueEnemy 1.prefab
  artifactKey: Guid(aed6a59045962884da05eb77031ddbcb) Importer(815301076,1909f56bfc062723c751e8b465ee728b)
Start importing Assets/PreHub/Enemy/Wave3Enemy/blueEnemy 1.prefab using Guid(aed6a59045962884da05eb77031ddbcb) Importer(815301076,1909f56bfc062723c751e8b465ee728b)  -> (artifact id: 'b06f64ca112227eac383df202134305b') in 0.018106 seconds 
========================================================================
Received Import Request.
  Time since last request: 1.603984 seconds.
  path: Assets/PreHub/Enemy/Wave3Enemy/blueEnemy 1.prefab
  artifactKey: Guid(aed6a59045962884da05eb77031ddbcb) Importer(815301076,1909f56bfc062723c751e8b465ee728b)
Start importing Assets/PreHub/Enemy/Wave3Enemy/blueEnemy 1.prefab using Guid(aed6a59045962884da05eb77031ddbcb) Importer(815301076,1909f56bfc062723c751e8b465ee728b)  -> (artifact id: 'cfd1fb710609b7fb05130275f8963a6e') in 0.015903 seconds 
========================================================================
Received Import Request.
  Time since last request: 4.832706 seconds.
  path: Assets/PreHub/Enemy/Wave3Enemy/blueEnemy 1.prefab
  artifactKey: Guid(aed6a59045962884da05eb77031ddbcb) Importer(815301076,1909f56bfc062723c751e8b465ee728b)
Start importing Assets/PreHub/Enemy/Wave3Enemy/blueEnemy 1.prefab using Guid(aed6a59045962884da05eb77031ddbcb) Importer(815301076,1909f56bfc062723c751e8b465ee728b)  -> (artifact id: 'e60e4cd7f6047aff37faa215d32e48df') in 0.027172 seconds 
========================================================================
Received Import Request.
  Time since last request: 6.503594 seconds.
  path: Assets/PreHub/Enemy/Wave3Enemy/GreenEnemy 1.prefab
  artifactKey: Guid(c30d6d9d5dba2284083bd3a8077c8999) Importer(815301076,1909f56bfc062723c751e8b465ee728b)
Start importing Assets/PreHub/Enemy/Wave3Enemy/GreenEnemy 1.prefab using Guid(c30d6d9d5dba2284083bd3a8077c8999) Importer(815301076,1909f56bfc062723c751e8b465ee728b)  -> (artifact id: '1513592731d13a97a24565a01d5c1cd9') in 0.028163 seconds 
========================================================================
Received Import Request.
  Time since last request: 2.584790 seconds.
  path: Assets/PreHub/Enemy/Wave3Enemy/GreenEnemy 1.prefab
  artifactKey: Guid(c30d6d9d5dba2284083bd3a8077c8999) Importer(815301076,1909f56bfc062723c751e8b465ee728b)
Start importing Assets/PreHub/Enemy/Wave3Enemy/GreenEnemy 1.prefab using Guid(c30d6d9d5dba2284083bd3a8077c8999) Importer(815301076,1909f56bfc062723c751e8b465ee728b)  -> (artifact id: '18e506c7225740c7bb11bf7ffd3590e1') in 0.024940 seconds 
========================================================================
Received Import Request.
  Time since last request: 1.410667 seconds.
  path: Assets/PreHub/Enemy/Wave3Enemy/GreenEnemy 1.prefab
  artifactKey: Guid(c30d6d9d5dba2284083bd3a8077c8999) Importer(815301076,1909f56bfc062723c751e8b465ee728b)
Start importing Assets/PreHub/Enemy/Wave3Enemy/GreenEnemy 1.prefab using Guid(c30d6d9d5dba2284083bd3a8077c8999) Importer(815301076,1909f56bfc062723c751e8b465ee728b)  -> (artifact id: 'e122624a89ee72bd90f78b1199589d89') in 0.022529 seconds 
========================================================================
Received Import Request.
  Time since last request: 10.980887 seconds.
  path: Assets/PreHub/Enemy/Wave3Enemy/RedEnemy 1.prefab
  artifactKey: Guid(d12f9638854a5e540ac3d3db36163a87) Importer(815301076,1909f56bfc062723c751e8b465ee728b)
Start importing Assets/PreHub/Enemy/Wave3Enemy/RedEnemy 1.prefab using Guid(d12f9638854a5e540ac3d3db36163a87) Importer(815301076,1909f56bfc062723c751e8b465ee728b)  -> (artifact id: 'ff31138876b5dbd59e4fc8b4fe211945') in 0.020036 seconds 
========================================================================
Received Import Request.
  Time since last request: 2.776892 seconds.
  path: Assets/PreHub/Enemy/Wave3Enemy/RedEnemy 1.prefab
  artifactKey: Guid(d12f9638854a5e540ac3d3db36163a87) Importer(815301076,1909f56bfc062723c751e8b465ee728b)
Start importing Assets/PreHub/Enemy/Wave3Enemy/RedEnemy 1.prefab using Guid(d12f9638854a5e540ac3d3db36163a87) Importer(815301076,1909f56bfc062723c751e8b465ee728b)  -> (artifact id: '9de1eacd1b2831b99546ae0c7be29433') in 0.020490 seconds 
========================================================================
Received Import Request.
  Time since last request: 3.662898 seconds.
  path: Assets/PreHub/Enemy/Wave3Enemy/RedEnemy 1.prefab
  artifactKey: Guid(d12f9638854a5e540ac3d3db36163a87) Importer(815301076,1909f56bfc062723c751e8b465ee728b)
Start importing Assets/PreHub/Enemy/Wave3Enemy/RedEnemy 1.prefab using Guid(d12f9638854a5e540ac3d3db36163a87) Importer(815301076,1909f56bfc062723c751e8b465ee728b)  -> (artifact id: '3422c2df06dfdd4f448259d35360891c') in 0.014903 seconds 
========================================================================
Received Import Request.
  Time since last request: 17.827750 seconds.
  path: Assets/PreHub/Enemy/Wave3Enemy/RedEnemy 1.prefab
  artifactKey: Guid(d12f9638854a5e540ac3d3db36163a87) Importer(815301076,1909f56bfc062723c751e8b465ee728b)
Start importing Assets/PreHub/Enemy/Wave3Enemy/RedEnemy 1.prefab using Guid(d12f9638854a5e540ac3d3db36163a87) Importer(815301076,1909f56bfc062723c751e8b465ee728b)  -> (artifact id: 'a86418d5c02a2f60d40f89c299e8d1ac') in 0.026326 seconds 
========================================================================
Received Import Request.
  Time since last request: 14.903469 seconds.
  path: Assets/PreHub/Enemy/Wave3Enemy/RedEnemy 1.prefab
  artifactKey: Guid(d12f9638854a5e540ac3d3db36163a87) Importer(815301076,1909f56bfc062723c751e8b465ee728b)
Start importing Assets/PreHub/Enemy/Wave3Enemy/RedEnemy 1.prefab using Guid(d12f9638854a5e540ac3d3db36163a87) Importer(815301076,1909f56bfc062723c751e8b465ee728b)  -> (artifact id: 'd4b32ceb595f90020f4cb04a7b6577af') in 0.016084 seconds 
========================================================================
Received Import Request.
  Time since last request: 2.695429 seconds.
  path: Assets/PreHub/Enemy/Wave3Enemy/RedEnemy 1.prefab
  artifactKey: Guid(d12f9638854a5e540ac3d3db36163a87) Importer(815301076,1909f56bfc062723c751e8b465ee728b)
Start importing Assets/PreHub/Enemy/Wave3Enemy/RedEnemy 1.prefab using Guid(d12f9638854a5e540ac3d3db36163a87) Importer(815301076,1909f56bfc062723c751e8b465ee728b)  -> (artifact id: '9e0760ad1d4bf8c5bf9d3dc732d77c34') in 0.025251 seconds 
========================================================================
Received Import Request.
  Time since last request: 17.185099 seconds.
  path: Assets/PreHub/Enemy/Wave3Enemy/GreenEnemy 1.prefab
  artifactKey: Guid(c30d6d9d5dba2284083bd3a8077c8999) Importer(815301076,1909f56bfc062723c751e8b465ee728b)
Start importing Assets/PreHub/Enemy/Wave3Enemy/GreenEnemy 1.prefab using Guid(c30d6d9d5dba2284083bd3a8077c8999) Importer(815301076,1909f56bfc062723c751e8b465ee728b)  -> (artifact id: '7027b239cea0ef0d3dc0201b6eac26db') in 0.025334 seconds 
========================================================================
Received Import Request.
  Time since last request: 24.865911 seconds.
  path: Assets/PreHub/Enemy/Wave3Enemy/GreenEnemy 1.prefab
  artifactKey: Guid(c30d6d9d5dba2284083bd3a8077c8999) Importer(815301076,1909f56bfc062723c751e8b465ee728b)
Start importing Assets/PreHub/Enemy/Wave3Enemy/GreenEnemy 1.prefab using Guid(c30d6d9d5dba2284083bd3a8077c8999) Importer(815301076,1909f56bfc062723c751e8b465ee728b)  -> (artifact id: '08bfffa9659f511cf76db68ee5708b1d') in 0.026603 seconds 
========================================================================
Received Import Request.
  Time since last request: 175.823101 seconds.
  path: Assets/PreHub/Enemy/Wave3Enemy/GreenEnemy 1.prefab
  artifactKey: Guid(c30d6d9d5dba2284083bd3a8077c8999) Importer(815301076,1909f56bfc062723c751e8b465ee728b)
Start importing Assets/PreHub/Enemy/Wave3Enemy/GreenEnemy 1.prefab using Guid(c30d6d9d5dba2284083bd3a8077c8999) Importer(815301076,1909f56bfc062723c751e8b465ee728b)  -> (artifact id: 'df1397ba33f2a333d4e3b19345818786') in 0.024968 seconds 
========================================================================
Received Import Request.
  Time since last request: 20.709008 seconds.
  path: Assets/PreHub/Enemy/Wave3Enemy/blueEnemy 1.prefab
  artifactKey: Guid(aed6a59045962884da05eb77031ddbcb) Importer(815301076,1909f56bfc062723c751e8b465ee728b)
Start importing Assets/PreHub/Enemy/Wave3Enemy/blueEnemy 1.prefab using Guid(aed6a59045962884da05eb77031ddbcb) Importer(815301076,1909f56bfc062723c751e8b465ee728b)  -> (artifact id: '64346ca01ad930e578e9e2f3c16b6713') in 0.026510 seconds 
========================================================================
Received Import Request.
  Time since last request: 9.927489 seconds.
  path: Assets/PreHub/Enemy/Wave3Enemy/blueEnemy 1.prefab
  artifactKey: Guid(aed6a59045962884da05eb77031ddbcb) Importer(815301076,1909f56bfc062723c751e8b465ee728b)
Start importing Assets/PreHub/Enemy/Wave3Enemy/blueEnemy 1.prefab using Guid(aed6a59045962884da05eb77031ddbcb) Importer(815301076,1909f56bfc062723c751e8b465ee728b)  -> (artifact id: 'd5995cd458a38aafb7e1d4ece0050607') in 0.016970 seconds 
========================================================================
Received Import Request.
  Time since last request: 6.258649 seconds.
  path: Assets/PreHub/Enemy/Wave3Enemy/blueEnemy 1.prefab
  artifactKey: Guid(aed6a59045962884da05eb77031ddbcb) Importer(815301076,1909f56bfc062723c751e8b465ee728b)
Start importing Assets/PreHub/Enemy/Wave3Enemy/blueEnemy 1.prefab using Guid(aed6a59045962884da05eb77031ddbcb) Importer(815301076,1909f56bfc062723c751e8b465ee728b)  -> (artifact id: '5c6bc918d5e97f7b928867342c66a38d') in 0.024136 seconds 
========================================================================
Received Prepare
Registering precompiled user dll's ...
Registered in 0.006998 seconds.
Begin MonoManager ReloadAssembly
Symbol file LoadedFromMemory doesn't match image C:\Users\ghal6\DATEUP\Library\PackageCache\com.unity.visualscripting@1.7.8\Editor\VisualScripting.Core\Dependencies\YamlDotNet\Unity.VisualScripting.YamlDotNet.dll
Symbol file LoadedFromMemory doesn't match image C:\Users\ghal6\DATEUP\Library\PackageCache\com.unity.visualscripting@1.7.8\Editor\VisualScripting.Core\Dependencies\DotNetZip\Unity.VisualScripting.IonicZip.dll
Native extension for WindowsStandalone target not found
Native extension for Android target not found
Native extension for WebGL target not found
Refreshing native plugins compatible for Editor in 1.29 ms, found 3 plugins.
Preloading 0 native plugins for Editor in 0.00 ms.
Mono: successfully reloaded assembly
- Completed reload, in  1.224 seconds
Domain Reload Profiling:
	ReloadAssembly (1225ms)
		BeginReloadAssembly (137ms)
			ExecutionOrderSort (0ms)
			DisableScriptedObjects (5ms)
			BackupInstance (0ms)
			ReleaseScriptingObjects (0ms)
			CreateAndSetChildDomain (40ms)
		EndReloadAssembly (974ms)
			LoadAssemblies (89ms)
			RebuildTransferFunctionScriptingTraits (0ms)
			SetupTypeCache (363ms)
			ReleaseScriptCaches (1ms)
			RebuildScriptCaches (52ms)
			SetupLoadedEditorAssemblies (406ms)
				LogAssemblyErrors (0ms)
				InitializePlatformSupportModulesInManaged (28ms)
				SetLoadedEditorAssemblies (1ms)
				RefreshPlugins (1ms)
				BeforeProcessingInitializeOnLoad (78ms)
				ProcessInitializeOnLoadAttributes (258ms)
				ProcessInitializeOnLoadMethodAttributes (31ms)
				AfterProcessingInitializeOnLoad (9ms)
				EditorAssembliesLoaded (0ms)
			ExecutionOrderSort2 (0ms)
			AwakeInstancesAfterBackupRestoration (5ms)
Platform modules already initialized, skipping
Refreshing native plugins compatible for Editor in 2.20 ms, found 3 plugins.
Preloading 0 native plugins for Editor in 0.00 ms.
Unloading 4137 Unused Serialized files (Serialized files now loaded: 0)
Unloading 28 unused Assets / (121.5 KB). Loaded Objects now: 4697.
Memory consumption went from 155.1 MB to 155.0 MB.
Total: 3.120600 ms (FindLiveObjects: 0.334900 ms CreateObjectMapping: 0.204600 ms MarkObjects: 2.451600 ms  DeleteObjects: 0.128700 ms)

AssetImportParameters requested are different than current active one (requested -> active):
  custom:video-decoder-ogg-theora: a1e56fd34408186e4bbccfd4996cb3dc -> 
  custom:container-muxer-webm: aa71ff27fc2769a1b78a27578f13a17b -> 
  custom:container-demuxer-webm: 4f35f7cbe854078d1ac9338744f61a02 -> 
  custom:video-encoder-webm-vp8: eb34c28f22e8b96e1ab97ce403110664 -> 
  custom:audio-encoder-webm-vorbis: bf7c407c2cedff20999df2af8eb42d56 -> 
  custom:framework-win-MediaFoundation: 216162199b28c13a410421893ffa2e32 -> 
  custom:container-demuxer-ogg: 62fdf1f143b41e24485cea50d1cbac27 -> 
  custom:video-decoder-webm-vp8: 9c59270c3fd7afecdb556c50c9e8de78 -> 
  custom:audio-decoder-ogg-vorbis: bf7c407c2cedff20999df2af8eb42d56 -> 
========================================================================
Received Prepare
Registering precompiled user dll's ...
Registered in 0.008412 seconds.
Begin MonoManager ReloadAssembly
Symbol file LoadedFromMemory doesn't match image C:\Users\ghal6\DATEUP\Library\PackageCache\com.unity.visualscripting@1.7.8\Editor\VisualScripting.Core\Dependencies\YamlDotNet\Unity.VisualScripting.YamlDotNet.dll
Symbol file LoadedFromMemory doesn't match image C:\Users\ghal6\DATEUP\Library\PackageCache\com.unity.visualscripting@1.7.8\Editor\VisualScripting.Core\Dependencies\DotNetZip\Unity.VisualScripting.IonicZip.dll
Native extension for WindowsStandalone target not found
Native extension for Android target not found
Native extension for WebGL target not found
Refreshing native plugins compatible for Editor in 0.75 ms, found 3 plugins.
Preloading 0 native plugins for Editor in 0.00 ms.
Mono: successfully reloaded assembly
- Completed reload, in  1.211 seconds
Domain Reload Profiling:
	ReloadAssembly (1211ms)
		BeginReloadAssembly (148ms)
			ExecutionOrderSort (0ms)
			DisableScriptedObjects (6ms)
			BackupInstance (0ms)
			ReleaseScriptingObjects (0ms)
			CreateAndSetChildDomain (40ms)
		EndReloadAssembly (967ms)
			LoadAssemblies (89ms)
			RebuildTransferFunctionScriptingTraits (0ms)
			SetupTypeCache (340ms)
			ReleaseScriptCaches (1ms)
			RebuildScriptCaches (53ms)
			SetupLoadedEditorAssemblies (417ms)
				LogAssemblyErrors (0ms)
				InitializePlatformSupportModulesInManaged (24ms)
				SetLoadedEditorAssemblies (1ms)
				RefreshPlugins (1ms)
				BeforeProcessingInitializeOnLoad (90ms)
				ProcessInitializeOnLoadAttributes (269ms)
				ProcessInitializeOnLoadMethodAttributes (26ms)
				AfterProcessingInitializeOnLoad (7ms)
				EditorAssembliesLoaded (0ms)
			ExecutionOrderSort2 (0ms)
			AwakeInstancesAfterBackupRestoration (5ms)
Platform modules already initialized, skipping
Refreshing native plugins compatible for Editor in 2.21 ms, found 3 plugins.
Preloading 0 native plugins for Editor in 0.00 ms.
Unloading 4136 Unused Serialized files (Serialized files now loaded: 0)
Unloading 28 unused Assets / (121.3 KB). Loaded Objects now: 4699.
Memory consumption went from 155.1 MB to 155.0 MB.
Total: 3.064000 ms (FindLiveObjects: 0.297200 ms CreateObjectMapping: 0.231800 ms MarkObjects: 2.396300 ms  DeleteObjects: 0.137900 ms)

AssetImportParameters requested are different than current active one (requested -> active):
  custom:video-decoder-ogg-theora: a1e56fd34408186e4bbccfd4996cb3dc -> 
  custom:container-muxer-webm: aa71ff27fc2769a1b78a27578f13a17b -> 
  custom:container-demuxer-webm: 4f35f7cbe854078d1ac9338744f61a02 -> 
  custom:video-encoder-webm-vp8: eb34c28f22e8b96e1ab97ce403110664 -> 
  custom:audio-encoder-webm-vorbis: bf7c407c2cedff20999df2af8eb42d56 -> 
  custom:framework-win-MediaFoundation: 216162199b28c13a410421893ffa2e32 -> 
  custom:container-demuxer-ogg: 62fdf1f143b41e24485cea50d1cbac27 -> 
  custom:video-decoder-webm-vp8: 9c59270c3fd7afecdb556c50c9e8de78 -> 
  custom:audio-decoder-ogg-vorbis: bf7c407c2cedff20999df2af8eb42d56 -> 
========================================================================
Received Prepare
Registering precompiled user dll's ...
Registered in 0.007269 seconds.
Begin MonoManager ReloadAssembly
Symbol file LoadedFromMemory doesn't match image C:\Users\ghal6\DATEUP\Library\PackageCache\com.unity.visualscripting@1.7.8\Editor\VisualScripting.Core\Dependencies\YamlDotNet\Unity.VisualScripting.YamlDotNet.dll
Symbol file LoadedFromMemory doesn't match image C:\Users\ghal6\DATEUP\Library\PackageCache\com.unity.visualscripting@1.7.8\Editor\VisualScripting.Core\Dependencies\DotNetZip\Unity.VisualScripting.IonicZip.dll
Native extension for WindowsStandalone target not found
Native extension for Android target not found
Native extension for WebGL target not found
Refreshing native plugins compatible for Editor in 0.76 ms, found 3 plugins.
Preloading 0 native plugins for Editor in 0.00 ms.
Mono: successfully reloaded assembly
- Completed reload, in  1.271 seconds
Domain Reload Profiling:
	ReloadAssembly (1271ms)
		BeginReloadAssembly (169ms)
			ExecutionOrderSort (0ms)
			DisableScriptedObjects (6ms)
			BackupInstance (0ms)
			ReleaseScriptingObjects (0ms)
			CreateAndSetChildDomain (43ms)
		EndReloadAssembly (987ms)
			LoadAssemblies (109ms)
			RebuildTransferFunctionScriptingTraits (0ms)
			SetupTypeCache (359ms)
			ReleaseScriptCaches (2ms)
			RebuildScriptCaches (53ms)
			SetupLoadedEditorAssemblies (421ms)
				LogAssemblyErrors (0ms)
				InitializePlatformSupportModulesInManaged (24ms)
				SetLoadedEditorAssemblies (1ms)
				RefreshPlugins (1ms)
				BeforeProcessingInitializeOnLoad (78ms)
				ProcessInitializeOnLoadAttributes (280ms)
				ProcessInitializeOnLoadMethodAttributes (30ms)
				AfterProcessingInitializeOnLoad (7ms)
				EditorAssembliesLoaded (0ms)
			ExecutionOrderSort2 (0ms)
			AwakeInstancesAfterBackupRestoration (5ms)
Platform modules already initialized, skipping
Refreshing native plugins compatible for Editor in 2.16 ms, found 3 plugins.
Preloading 0 native plugins for Editor in 0.00 ms.
Unloading 4135 Unused Serialized files (Serialized files now loaded: 0)
Unloading 28 unused Assets / (121.3 KB). Loaded Objects now: 4701.
Memory consumption went from 155.1 MB to 155.0 MB.
Total: 3.343700 ms (FindLiveObjects: 0.355600 ms CreateObjectMapping: 0.232400 ms MarkObjects: 2.630600 ms  DeleteObjects: 0.124600 ms)

AssetImportParameters requested are different than current active one (requested -> active):
  custom:video-decoder-ogg-theora: a1e56fd34408186e4bbccfd4996cb3dc -> 
  custom:container-muxer-webm: aa71ff27fc2769a1b78a27578f13a17b -> 
  custom:container-demuxer-webm: 4f35f7cbe854078d1ac9338744f61a02 -> 
  custom:video-encoder-webm-vp8: eb34c28f22e8b96e1ab97ce403110664 -> 
  custom:audio-encoder-webm-vorbis: bf7c407c2cedff20999df2af8eb42d56 -> 
  custom:framework-win-MediaFoundation: 216162199b28c13a410421893ffa2e32 -> 
  custom:container-demuxer-ogg: 62fdf1f143b41e24485cea50d1cbac27 -> 
  custom:video-decoder-webm-vp8: 9c59270c3fd7afecdb556c50c9e8de78 -> 
  custom:audio-decoder-ogg-vorbis: bf7c407c2cedff20999df2af8eb42d56 -> 
